###############################################################################
#
# IAR ELF Linker V8.32.3.193/W32 for ARM                  11/May/2019  09:23:00
# Copyright 2007-2019 IAR Systems AB.
#
#    Output file  =  
#        D:\UTFPR\EMBARCADOS\sistemas_embarcados\lab1\es_user\Debug\Exe\es_user.out
#    Map file     =  
#        D:\UTFPR\EMBARCADOS\sistemas_embarcados\lab1\es_user\Debug\List\es_user.map
#    Command line =  
#        -f C:\Users\Diogo\AppData\Local\Temp\EWEA46.tmp
#        (D:\UTFPR\EMBARCADOS\sistemas_embarcados\lab1\driverlib\ewarm\Exe\driverlib.a
#        D:\UTFPR\EMBARCADOS\sistemas_embarcados\lab1\es_user\Debug\Obj\func_hz.o
#        D:\UTFPR\EMBARCADOS\sistemas_embarcados\lab1\es_user\Debug\Obj\func_khz.o
#        D:\UTFPR\EMBARCADOS\sistemas_embarcados\lab1\es_user\Debug\Obj\main.o
#        D:\UTFPR\EMBARCADOS\sistemas_embarcados\lab1\es_user\Debug\Obj\startup_ewarm.o
#        D:\UTFPR\EMBARCADOS\sistemas_embarcados\lab1\es_user\Debug\Obj\UART.o
#        --no_out_extension -o
#        D:\UTFPR\EMBARCADOS\sistemas_embarcados\lab1\es_user\Debug\Exe\es_user.out
#        --map
#        D:\UTFPR\EMBARCADOS\sistemas_embarcados\lab1\es_user\Debug\List\es_user.map
#        --config "C:\Program Files (x86)\IAR Systems\Embedded Workbench
#        8.2\arm\config\linker\TexasInstruments\TM4C1294NC.icf" --semihosting
#        --entry __iar_program_start --vfe --text_out locale)
#
###############################################################################

*******************************************************************************
*** RUNTIME MODEL ATTRIBUTES
***

CppFlavor       = *
__SystemLibrary = DLib
__dlib_version  = 6


*******************************************************************************
*** HEAP SELECTION
***

The basic heap was selected because some modules are built with
size limitations (and not runtime checking), and --advanced_heap
was not specified.


*******************************************************************************
*** PLACEMENT SUMMARY
***

"A0":  place at 0x0 { ro section .intvec };
"P1":  place in [from 0x0 to 0xf'ffff] { ro };
define block CSTACK with size = 32K, alignment = 8 { };
define block HEAP with size = 64K, alignment = 8 { };
"P2":  place in [from 0x2000'0000 to 0x2003'ffff] {
          rw, block CSTACK, block HEAP };
do not initialize { section .noinit };

  Section          Kind         Address   Size  Object
  -------          ----         -------   ----  ------
"A0":                                    0x200
  .intvec          const            0x0  0x200  startup_ewarm.o [1]
                                - 0x200  0x200

"P1":                                    0xac4
  .text            ro code        0x200  0x2ac  sysctl.o [3]
  .rodata          const          0x4ac  0x1b0  sysctl.o [3]
  .text            ro code        0x65c  0x186  UART.o [1]
  .text            ro code        0x7e2   0x3a  zero_init3.o [4]
  .text            ro code        0x81c  0x176  gpio.o [3]
  .text            ro code        0x994  0x144  main.o [1]
  .text            ro code        0xad8   0x12  strcmp.o [4]
  .text            ro code        0xaec   0x34  func_hz.o [1]
  .text            ro code        0xb20   0x44  func_khz.o [1]
  .rodata          const          0xb64   0x6c  sysctl.o [3]
  .rodata          const          0xbd0   0x30  sysctl.o [3]
  .text            ro code        0xc00   0x2e  startup_ewarm.o [1]
  .text            ro code        0xc2e    0xc  cstartup_M.o [4]
  .text            ro code        0xc3c   0x1e  cmain.o [4]
  .text            ro code        0xc5a    0x4  low_level_init.o [2]
  .text            ro code        0xc60   0x28  data_init.o [4]
  .text            ro code        0xc88    0x4  exit.o [2]
  .text            ro code        0xc8c    0xa  cexit.o [4]
  .text            ro code        0xc98   0x14  exit.o [5]
  .iar.init_table  const          0xcac   0x10  - Linker created -
  .rodata          const          0xcbc    0x8  main.o [1]
  .rodata          const          0xcc4    0x0  zero_init3.o [4]
                                - 0xcc4  0xac4

"P2", part 1 of 2:                         0x4
  .bss             zero     0x2000'0000    0x1  main.o [1]
                          - 0x2000'0001    0x1

"P2", part 2 of 2:                       0x200
  .noinit          uninit   0x2000'0004  0x200  startup_ewarm.o [1]
                          - 0x2000'0204  0x200

Unused ranges:

         From           To      Size
         ----           --      ----
        0xcc4     0xf'ffff  0xf'f33c
  0x2000'0204  0x2003'ffff  0x3'fdfc


*******************************************************************************
*** INIT TABLE
***

          Address      Size
          -------      ----
Zero (__iar_zero_init3)
    1 destination range, total size 0x1:
          0x2000'0000   0x1



*******************************************************************************
*** MODULE SUMMARY
***

    Module            ro code  ro data  rw data
    ------            -------  -------  -------
command line/config:
    -------------------------------------------
    Total:

D:\UTFPR\EMBARCADOS\sistemas_embarcados\lab1\es_user\Debug\Obj: [1]
    UART.o                390
    func_hz.o              52
    func_khz.o             68
    main.o                324        8        1
    startup_ewarm.o        46      512      512
    -------------------------------------------
    Total:                880      520      513

dl7M_tln.a: [2]
    exit.o                  4
    low_level_init.o        4
    -------------------------------------------
    Total:                  8

driverlib.a: [3]
    gpio.o                374
    sysctl.o              684      588
    -------------------------------------------
    Total:              1 058      588

rt7M_tl.a: [4]
    cexit.o                10
    cmain.o                30
    cstartup_M.o           12
    data_init.o            40
    strcmp.o               18
    zero_init3.o           58
    -------------------------------------------
    Total:                168

shb_l.a: [5]
    exit.o                 20
    -------------------------------------------
    Total:                 20

    Gaps                   10
    Linker created                  16
-----------------------------------------------
    Grand Total:        2 144    1 124      513


*******************************************************************************
*** ENTRY LIST
***

Entry                       Address   Size  Type      Object
-----                       -------   ----  ----      ------
.iar.init_table$$Base         0xcac          --   Gb  - Linker created -
.iar.init_table$$Limit        0xcbc          --   Gb  - Linker created -
?main                         0xc3d         Code  Gb  cmain.o [4]
FaultISR                      0xc0b    0x2  Code  Lc  startup_ewarm.o [1]
GPIODirModeSet                0x81d   0x28  Code  Gb  gpio.o [3]
GPIOPadConfigSet              0x845  0x102  Code  Gb  gpio.o [3]
GPIOPinRead                   0x947    0x8  Code  Gb  gpio.o [3]
GPIOPinTypeGPIOInput          0x95b   0x14  Code  Gb  gpio.o [3]
GPIOPinTypeGPIOOutput         0x96f    0xa  Code  Gb  gpio.o [3]
GPIOPinWrite                  0x94f    0x8  Code  Gb  gpio.o [3]
IntDefaultHandler             0xc0d    0x2  Code  Lc  startup_ewarm.o [1]
LED_D1                  0x2000'0000    0x1  Data  Gb  main.o [1]
NMISR                         0xc09    0x2  Code  Lc  startup_ewarm.o [1]
OutCRLF                       0x995   0x10  Code  Gb  main.o [1]
Region$$Table$$Base           0xcac          --   Gb  - Linker created -
Region$$Table$$Limit          0xcbc          --   Gb  - Linker created -
ResetISR                      0xc01    0x8  Code  Gb  startup_ewarm.o [1]
SysCtlClockFreqSet            0x261  0x20a  Code  Gb  sysctl.o [3]
SysCtlPeripheralEnable        0x243    0x8  Code  Gb  sysctl.o [3]
SysCtlPeripheralReady         0x221    0x8  Code  Gb  sysctl.o [3]
SysTick_Handler               0x9a5   0x18  Code  Gb  main.o [1]
UART_InChar                   0x6ef   0x10  Code  Gb  UART.o [1]
UART_InString                 0x78f   0x54  Code  Gb  UART.o [1]
UART_Init                     0x65d   0x92  Code  Gb  UART.o [1]
UART_OutChar                  0x6ff   0x10  Code  Gb  UART.o [1]
UART_OutString                0x751   0x16  Code  Gb  UART.o [1]
UART_OutUDec                  0x767   0x28  Code  Gb  UART.o [1]
_SysCtlMemTimingGet           0x201   0x20  Code  Lc  sysctl.o [3]
__cmain                       0xc3d         Code  Gb  cmain.o [4]
__exit                        0xc99   0x14  Code  Gb  exit.o [5]
__iar_data_init3              0xc61   0x28  Code  Gb  data_init.o [4]
__iar_init_vfp                0xc11   0x1e  Code  Gb  startup_ewarm.o [1]
__iar_program_start           0xc2f         Code  Gb  cstartup_M.o [4]
__iar_zero_init3              0x7e3   0x3a  Code  Gb  zero_init3.o [4]
__low_level_init              0xc5b    0x4  Code  Gb  low_level_init.o [2]
__vector_table                  0x0  0x200  Data  Gb  startup_ewarm.o [1]
_call_main                    0xc49         Code  Gb  cmain.o [4]
_exit                         0xc8d         Code  Gb  cexit.o [4]
_main                         0xc57         Code  Gb  cmain.o [4]
count_pulse_hz                0xaed         Code  Gb  func_hz.o [1]
count_pulse_khz               0xb21         Code  Gb  func_khz.o [1]
exit                          0xc89    0x4  Code  Gb  exit.o [2]
g_pppui32XTALtoVCO            0x4ac  0x1b0  Data  Lc  sysctl.o [3]
g_pui32VCOFrequencies         0x4a4    0x8  Data  Lc  sysctl.o [3]
g_pui32Xtals                  0xb64   0x6c  Data  Lc  sysctl.o [3]
g_sXTALtoMEMTIM               0xbd0   0x30  Data  Lc  sysctl.o [3]
main                          0x9bd   0xf0  Code  Gb  main.o [1]
pui32Stack              0x2000'0004  0x200  Data  Lc  startup_ewarm.o [1]
strcmp                        0xad9         Code  Gb  strcmp.o [4]


[1] = D:\UTFPR\EMBARCADOS\sistemas_embarcados\lab1\es_user\Debug\Obj
[2] = dl7M_tln.a
[3] = driverlib.a
[4] = rt7M_tl.a
[5] = shb_l.a

  2 144 bytes of readonly  code memory
  1 124 bytes of readonly  data memory
    513 bytes of readwrite data memory

Errors: none
Warnings: none
