###############################################################################
#
# IAR ELF Linker V8.32.3.193/W32 for ARM                  11/May/2019  11:34:58
# Copyright 2007-2019 IAR Systems AB.
#
#    Output file  =  
#        D:\UTFPR\EMBARCADOS\sistemas_embarcados\lab2\frequency_counter\Debug\Exe\frequency_counter.out
#    Map file     =  
#        D:\UTFPR\EMBARCADOS\sistemas_embarcados\lab2\frequency_counter\Debug\List\frequency_counter.map
#    Command line =  
#        -f C:\Users\Diogo\AppData\Local\Temp\EWBC5D.tmp
#        (D:\UTFPR\EMBARCADOS\sistemas_embarcados\lab2\driverlib\ewarm\Exe\driverlib.a
#        D:\UTFPR\EMBARCADOS\sistemas_embarcados\lab2\frequency_counter\Debug\Obj\main.o
#        D:\UTFPR\EMBARCADOS\sistemas_embarcados\lab2\frequency_counter\Debug\Obj\startup_ewarm.o
#        D:\UTFPR\EMBARCADOS\sistemas_embarcados\lab2\frequency_counter\Debug\Obj\UART.o
#        --no_out_extension -o
#        D:\UTFPR\EMBARCADOS\sistemas_embarcados\lab2\frequency_counter\Debug\Exe\frequency_counter.out
#        --redirect _Printf=_PrintfFullNoMb --redirect _Scanf=_ScanfFullNoMb
#        --map
#        D:\UTFPR\EMBARCADOS\sistemas_embarcados\lab2\frequency_counter\Debug\List\frequency_counter.map
#        --config "C:\Program Files (x86)\IAR Systems\Embedded Workbench
#        8.2\arm\config\linker\TexasInstruments\TM4C1294NC.icf" --semihosting
#        --entry __iar_program_start --vfe --text_out locale)
#
###############################################################################

*******************************************************************************
*** RUNTIME MODEL ATTRIBUTES
***

CppFlavor       = *
__SystemLibrary = DLib
__dlib_version  = 6


*******************************************************************************
*** HEAP SELECTION
***

The basic heap was selected because some modules are built with
size limitations (and not runtime checking), and --advanced_heap
was not specified.


*******************************************************************************
*** PLACEMENT SUMMARY
***

"A0":  place at 0x0 { ro section .intvec };
"P1":  place in [from 0x0 to 0xf'ffff] { ro };
define block CSTACK with size = 32K, alignment = 8 { };
define block HEAP with size = 64K, alignment = 8 { };
"P2":  place in [from 0x2000'0000 to 0x2003'ffff] {
          rw, block CSTACK, block HEAP };
do not initialize { section .noinit };

  Section          Kind         Address   Size  Object
  -------          ----         -------   ----  ------
"A0":                                    0x200
  .intvec          const            0x0  0x200  startup_ewarm.o [1]
                                - 0x200  0x200

"P1":                                    0xba8
  .text            ro code        0x200  0x2ac  sysctl.o [3]
  .rodata          const          0x4ac  0x1b0  sysctl.o [3]
  .text            ro code        0x65c  0x18c  gpio.o [3]
  .text            ro code        0x7e8  0x122  UART.o [1]
  .text            ro code        0x90a   0x3a  zero_init3.o [4]
  .text            ro code        0x944  0x108  main.o [1]
  .text            ro code        0xa4c   0xba  timer.o [3]
  .text            ro code        0xb08   0x28  systick.o [3]
  .rodata          const          0xb30   0x90  gpio.o [3]
  .text            ro code        0xbc0   0x7c  interrupt.o [3]
  .rodata          const          0xc3c   0x6c  sysctl.o [3]
  .rodata          const          0xca8   0x30  sysctl.o [3]
  .text            ro code        0xcd8   0x2e  startup_ewarm.o [1]
  .text            ro code        0xd06    0xc  cstartup_M.o [4]
  .text            ro code        0xd14   0x1e  cmain.o [4]
  .text            ro code        0xd32    0x4  low_level_init.o [2]
  .text            ro code        0xd38   0x28  data_init.o [4]
  .text            ro code        0xd60    0x4  exit.o [2]
  .text            ro code        0xd64    0xa  cexit.o [4]
  .text            ro code        0xd70   0x14  exit.o [5]
  .iar.init_table  const          0xd84   0x10  - Linker created -
  .rodata          const          0xd94   0x14  main.o [1]
  .rodata          const          0xda8    0x0  zero_init3.o [4]
                                - 0xda8  0xba8

"P2", part 1 of 2:                         0x8
  .bss             zero     0x2000'0000    0x4  main.o [1]
  .bss             zero     0x2000'0004    0x1  main.o [1]
                          - 0x2000'0005    0x5

"P2", part 2 of 2:                       0x200
  .noinit          uninit   0x2000'0008  0x200  startup_ewarm.o [1]
                          - 0x2000'0208  0x200

Unused ranges:

         From           To      Size
         ----           --      ----
        0xda8     0xf'ffff  0xf'f258
  0x2000'0208  0x2003'ffff  0x3'fdf8


*******************************************************************************
*** INIT TABLE
***

          Address      Size
          -------      ----
Zero (__iar_zero_init3)
    1 destination range, total size 0x5:
          0x2000'0000   0x5



*******************************************************************************
*** MODULE SUMMARY
***

    Module            ro code  ro data  rw data
    ------            -------  -------  -------
command line/config:
    -------------------------------------------
    Total:

D:\UTFPR\EMBARCADOS\sistemas_embarcados\lab2\frequency_counter\Debug\Obj: [1]
    UART.o                290
    main.o                264       20        5
    startup_ewarm.o        46      512      512
    -------------------------------------------
    Total:                600      532      517

dl7M_tln.a: [2]
    exit.o                  4
    low_level_init.o        4
    -------------------------------------------
    Total:                  8

driverlib.a: [3]
    gpio.o                396      144
    interrupt.o           124
    sysctl.o              684      588
    systick.o              40
    timer.o               186
    -------------------------------------------
    Total:              1 430      732

rt7M_tl.a: [4]
    cexit.o                10
    cmain.o                30
    cstartup_M.o           12
    data_init.o            40
    zero_init3.o           58
    -------------------------------------------
    Total:                150

shb_l.a: [5]
    exit.o                 20
    -------------------------------------------
    Total:                 20

    Gaps                    8
    Linker created                  16
-----------------------------------------------
    Grand Total:        2 216    1 280      517


*******************************************************************************
*** ENTRY LIST
***

Entry                       Address   Size  Type      Object
-----                       -------   ----  ----      ------
.iar.init_table$$Base         0xd84          --   Gb  - Linker created -
.iar.init_table$$Limit        0xd94          --   Gb  - Linker created -
?main                         0xd15         Code  Gb  cmain.o [4]
FaultISR                      0xce3    0x2  Code  Lc  startup_ewarm.o [1]
GPIODirModeSet                0x65d   0x28  Code  Gb  gpio.o [3]
GPIOPadConfigSet              0x685  0x102  Code  Gb  gpio.o [3]
GPIOPinConfigure              0x7a7   0x36  Code  Gb  gpio.o [3]
GPIOPinTypeTimer              0x793   0x14  Code  Gb  gpio.o [3]
IntDefaultHandler             0xce5    0x2  Code  Lc  startup_ewarm.o [1]
IntEnable                     0xbc1   0x46  Code  Gb  interrupt.o [3]
NMISR                         0xce1    0x2  Code  Lc  startup_ewarm.o [1]
OutCRLF                       0x945   0x10  Code  Gb  main.o [1]
Region$$Table$$Base           0xd84          --   Gb  - Linker created -
Region$$Table$$Limit          0xd94          --   Gb  - Linker created -
ResetISR                      0xcd9    0x8  Code  Gb  startup_ewarm.o [1]
SysCtlClockFreqSet            0x261  0x20a  Code  Gb  sysctl.o [3]
SysCtlPeripheralEnable        0x243    0x8  Code  Gb  sysctl.o [3]
SysCtlPeripheralReady         0x221    0x8  Code  Gb  sysctl.o [3]
SysTickEnable                 0xb09    0xc  Code  Gb  systick.o [3]
SysTickIntEnable              0xb15    0xc  Code  Gb  systick.o [3]
SysTickPeriodSet              0xb21    0x8  Code  Gb  systick.o [3]
SysTick_Handler               0x955   0x10  Code  Gb  main.o [1]
TimerConfigure                0xa5d   0x54  Code  Gb  timer.o [3]
TimerControlEvent             0xac1   0x16  Code  Gb  timer.o [3]
TimerEnable                   0xa4d   0x10  Code  Gb  timer.o [3]
TimerMatchSet                 0xaef   0x18  Code  Gb  timer.o [3]
TimerPrescaleMatchSet         0xad7   0x18  Code  Gb  timer.o [3]
UART_Init                     0x7e9   0x92  Code  Gb  UART.o [1]
UART_OutChar                  0x87b   0x10  Code  Gb  UART.o [1]
UART_OutString                0x8cd   0x16  Code  Gb  UART.o [1]
UART_OutUDec                  0x8e3   0x28  Code  Gb  UART.o [1]
_SysCtlMemTimingGet           0x201   0x20  Code  Lc  sysctl.o [3]
__cmain                       0xd15         Code  Gb  cmain.o [4]
__exit                        0xd71   0x14  Code  Gb  exit.o [5]
__iar_data_init3              0xd39   0x28  Code  Gb  data_init.o [4]
__iar_init_vfp                0xce9   0x1e  Code  Gb  startup_ewarm.o [1]
__iar_program_start           0xd07         Code  Gb  cstartup_M.o [4]
__iar_zero_init3              0x90b   0x3a  Code  Gb  zero_init3.o [4]
__low_level_init              0xd33    0x4  Code  Gb  low_level_init.o [2]
__vector_table                  0x0  0x200  Data  Gb  startup_ewarm.o [1]
_call_main                    0xd21         Code  Gb  cmain.o [4]
_exit                         0xd65         Code  Gb  cexit.o [4]
_main                         0xd2f         Code  Gb  cmain.o [4]
exit                          0xd61    0x4  Code  Gb  exit.o [2]
g_pppui32XTALtoVCO            0x4ac  0x1b0  Data  Lc  sysctl.o [3]
g_pui32EnRegs                 0xc28   0x14  Data  Lc  interrupt.o [3]
g_pui32GPIOBaseAddrs          0xb30   0x90  Data  Lc  gpio.o [3]
g_pui32VCOFrequencies         0x4a4    0x8  Data  Lc  sysctl.o [3]
g_pui32Xtals                  0xc3c   0x6c  Data  Lc  sysctl.o [3]
g_sXTALtoMEMTIM               0xca8   0x30  Data  Lc  sysctl.o [3]
main                          0x9c3   0x5a  Code  Gb  main.o [1]
newAcquire              0x2000'0004    0x1  Data  Gb  main.o [1]
pui32Stack              0x2000'0008  0x200  Data  Lc  startup_ewarm.o [1]
timerCounterInit              0x965   0x5e  Code  Gb  main.o [1]
timerValue              0x2000'0000    0x4  Data  Gb  main.o [1]


[1] = D:\UTFPR\EMBARCADOS\sistemas_embarcados\lab2\frequency_counter\Debug\Obj
[2] = dl7M_tln.a
[3] = driverlib.a
[4] = rt7M_tl.a
[5] = shb_l.a

  2 216 bytes of readonly  code memory
  1 280 bytes of readonly  data memory
    517 bytes of readwrite data memory

Errors: none
Warnings: none
