###############################################################################
#
# IAR ELF Linker V8.32.3.193/W32 for ARM                  05/May/2019  10:25:19
# Copyright 2007-2019 IAR Systems AB.
#
#    Output file  =  
#        D:\UTFPR\EMBARCADOS\sistemas_embarcados\lab2\frequency_counter\Debug\Exe\frequency_counter.out
#    Map file     =  
#        D:\UTFPR\EMBARCADOS\sistemas_embarcados\lab2\frequency_counter\Debug\List\frequency_counter.map
#    Command line =  
#        -f C:\Users\Diogo\AppData\Local\Temp\EWA039.tmp
#        (D:\UTFPR\EMBARCADOS\sistemas_embarcados\lab2\driverlib\ewarm\Exe\driverlib.a
#        D:\UTFPR\EMBARCADOS\sistemas_embarcados\lab2\frequency_counter\Debug\Obj\main.o
#        D:\UTFPR\EMBARCADOS\sistemas_embarcados\lab2\frequency_counter\Debug\Obj\startup_ewarm.o
#        D:\UTFPR\EMBARCADOS\sistemas_embarcados\lab2\frequency_counter\Debug\Obj\UART.o
#        --no_out_extension -o
#        D:\UTFPR\EMBARCADOS\sistemas_embarcados\lab2\frequency_counter\Debug\Exe\frequency_counter.out
#        --redirect _Printf=_PrintfFullNoMb --redirect _Scanf=_ScanfFullNoMb
#        --map
#        D:\UTFPR\EMBARCADOS\sistemas_embarcados\lab2\frequency_counter\Debug\List\frequency_counter.map
#        --config "C:\Program Files (x86)\IAR Systems\Embedded Workbench
#        8.2\arm\config\linker\TexasInstruments\TM4C1294NC.icf" --semihosting
#        --entry __iar_program_start --vfe --text_out locale)
#
###############################################################################

*******************************************************************************
*** RUNTIME MODEL ATTRIBUTES
***

CppFlavor       = *
__SystemLibrary = DLib
__dlib_version  = 6


*******************************************************************************
*** HEAP SELECTION
***

The basic heap was selected because some modules are built with
size limitations (and not runtime checking), and --advanced_heap
was not specified.


*******************************************************************************
*** PLACEMENT SUMMARY
***

"A0":  place at 0x0 { ro section .intvec };
"P1":  place in [from 0x0 to 0xf'ffff] { ro };
define block CSTACK with size = 32K, alignment = 8 { };
define block HEAP with size = 64K, alignment = 8 { };
"P2":  place in [from 0x2000'0000 to 0x2003'ffff] {
          rw, block CSTACK, block HEAP };
do not initialize { section .noinit };

  Section          Kind         Address   Size  Object
  -------          ----         -------   ----  ------
"A0":                                    0x200
  .intvec          const            0x0  0x200  startup_ewarm.o [1]
                                - 0x200  0x200

"P1":                                    0x8c4
  .text            ro code        0x200  0x264  sysctl.o [3]
  .rodata          const          0x464  0x1b0  sysctl.o [3]
  .text            ro code        0x614  0x144  main.o [1]
  .text            ro code        0x758  0x122  UART.o [1]
  .text            ro code        0x87a   0x3a  zero_init3.o [4]
  .text            ro code        0x8b4   0x28  systick.o [3]
  .text            ro code        0x8dc   0x7c  interrupt.o [3]
  .rodata          const          0x958   0x6c  sysctl.o [3]
  .rodata          const          0x9c4   0x30  sysctl.o [3]
  .text            ro code        0x9f4   0x2e  startup_ewarm.o [1]
  .text            ro code        0xa22    0xc  cstartup_M.o [4]
  .text            ro code        0xa30   0x1e  cmain.o [4]
  .text            ro code        0xa4e    0x4  low_level_init.o [2]
  .text            ro code        0xa54   0x28  data_init.o [4]
  .text            ro code        0xa7c    0x4  exit.o [2]
  .text            ro code        0xa80    0xa  cexit.o [4]
  .text            ro code        0xa8c   0x14  exit.o [5]
  .iar.init_table  const          0xaa0   0x10  - Linker created -
  .rodata          const          0xab0   0x14  main.o [1]
  .rodata          const          0xac4    0x0  zero_init3.o [4]
                                - 0xac4  0x8c4

"P2", part 1 of 2:                         0x4
  .bss             zero     0x2000'0000    0x4  main.o [1]
                          - 0x2000'0004    0x4

"P2", part 2 of 2:                       0x200
  .noinit          uninit   0x2000'0004  0x200  startup_ewarm.o [1]
                          - 0x2000'0204  0x200

Unused ranges:

         From           To      Size
         ----           --      ----
        0xac4     0xf'ffff  0xf'f53c
  0x2000'0204  0x2003'ffff  0x3'fdfc


*******************************************************************************
*** INIT TABLE
***

          Address      Size
          -------      ----
Zero (__iar_zero_init3)
    1 destination range, total size 0x4:
          0x2000'0000   0x4



*******************************************************************************
*** MODULE SUMMARY
***

    Module            ro code  ro data  rw data
    ------            -------  -------  -------
command line/config:
    -------------------------------------------
    Total:

D:\UTFPR\EMBARCADOS\sistemas_embarcados\lab2\frequency_counter\Debug\Obj: [1]
    UART.o                290
    main.o                324       20        4
    startup_ewarm.o        46      512      512
    -------------------------------------------
    Total:                660      532      516

dl7M_tln.a: [2]
    exit.o                  4
    low_level_init.o        4
    -------------------------------------------
    Total:                  8

driverlib.a: [3]
    interrupt.o           124
    sysctl.o              612      588
    systick.o              40
    -------------------------------------------
    Total:                776      588

rt7M_tl.a: [4]
    cexit.o                10
    cmain.o                30
    cstartup_M.o           12
    data_init.o            40
    zero_init3.o           58
    -------------------------------------------
    Total:                150

shb_l.a: [5]
    exit.o                 20
    -------------------------------------------
    Total:                 20

    Gaps                    6
    Linker created                  16
-----------------------------------------------
    Grand Total:        1 620    1 136      516


*******************************************************************************
*** ENTRY LIST
***

Entry                       Address   Size  Type      Object
-----                       -------   ----  ----      ------
.iar.init_table$$Base         0xaa0          --   Gb  - Linker created -
.iar.init_table$$Limit        0xab0          --   Gb  - Linker created -
?main                         0xa31         Code  Gb  cmain.o [4]
FaultISR                      0x9ff    0x2  Code  Lc  startup_ewarm.o [1]
FrequencyCounter        0x2000'0000    0x4  Data  Gb  main.o [1]
IntDefaultHandler             0xa01    0x2  Code  Lc  startup_ewarm.o [1]
IntEnable                     0x8dd   0x46  Code  Gb  interrupt.o [3]
NMISR                         0x9fd    0x2  Code  Lc  startup_ewarm.o [1]
OutCRLF                       0x615   0x10  Code  Gb  main.o [1]
Region$$Table$$Base           0xaa0          --   Gb  - Linker created -
Region$$Table$$Limit          0xab0          --   Gb  - Linker created -
ResetISR                      0x9f5    0x8  Code  Gb  startup_ewarm.o [1]
SysCtlClockFreqSet            0x221  0x20a  Code  Gb  sysctl.o [3]
SysTickEnable                 0x8b5    0xc  Code  Gb  systick.o [3]
SysTickIntEnable              0x8c1    0xc  Code  Gb  systick.o [3]
SysTickPeriodSet              0x8cd    0x8  Code  Gb  systick.o [3]
SysTick_Handler               0x6b1   0x3a  Code  Gb  main.o [1]
UART_Init                     0x759   0x92  Code  Gb  UART.o [1]
UART_OutChar                  0x7eb   0x10  Code  Gb  UART.o [1]
UART_OutString                0x83d   0x16  Code  Gb  UART.o [1]
UART_OutUDec                  0x853   0x28  Code  Gb  UART.o [1]
_SysCtlMemTimingGet           0x201   0x20  Code  Lc  sysctl.o [3]
__cmain                       0xa31         Code  Gb  cmain.o [4]
__exit                        0xa8d   0x14  Code  Gb  exit.o [5]
__iar_data_init3              0xa55   0x28  Code  Gb  data_init.o [4]
__iar_init_vfp                0xa05   0x1e  Code  Gb  startup_ewarm.o [1]
__iar_program_start           0xa23         Code  Gb  cstartup_M.o [4]
__iar_zero_init3              0x87b   0x3a  Code  Gb  zero_init3.o [4]
__low_level_init              0xa4f    0x4  Code  Gb  low_level_init.o [2]
__vector_table                  0x0  0x200  Data  Gb  startup_ewarm.o [1]
_call_main                    0xa3d         Code  Gb  cmain.o [4]
_exit                         0xa81         Code  Gb  cexit.o [4]
_main                         0xa4b         Code  Gb  cmain.o [4]
exit                          0xa7d    0x4  Code  Gb  exit.o [2]
g_pppui32XTALtoVCO            0x464  0x1b0  Data  Lc  sysctl.o [3]
g_pui32EnRegs                 0x944   0x14  Data  Lc  interrupt.o [3]
g_pui32VCOFrequencies         0x45c    0x8  Data  Lc  sysctl.o [3]
g_pui32Xtals                  0x958   0x6c  Data  Lc  sysctl.o [3]
g_sXTALtoMEMTIM               0x9c4   0x30  Data  Lc  sysctl.o [3]
main                          0x6eb   0x22  Code  Gb  main.o [1]
pui32Stack              0x2000'0004  0x200  Data  Lc  startup_ewarm.o [1]
timerInit                     0x625   0x8c  Code  Gb  main.o [1]


[1] = D:\UTFPR\EMBARCADOS\sistemas_embarcados\lab2\frequency_counter\Debug\Obj
[2] = dl7M_tln.a
[3] = driverlib.a
[4] = rt7M_tl.a
[5] = shb_l.a

  1 620 bytes of readonly  code memory
  1 136 bytes of readonly  data memory
    516 bytes of readwrite data memory

Errors: none
Warnings: none
