###############################################################################
#
# IAR ELF Linker V8.32.3.193/W32 for ARM                  28/Jun/2019  17:20:58
# Copyright 2007-2019 IAR Systems AB.
#
#    Output file  =  
#        D:\UTFPR\EMBARCADOS\sistemas_embarcados\lab3\Tiva_RTOS2_IAR8Last\tarefas\ewarm\Exe\tarefas.out
#    Map file     =  
#        D:\UTFPR\EMBARCADOS\sistemas_embarcados\lab3\Tiva_RTOS2_IAR8Last\tarefas\ewarm\List\tarefas.map
#    Command line =  
#        -f C:\Users\Diogo\AppData\Local\Temp\EW1F20.tmp
#        (D:\UTFPR\EMBARCADOS\sistemas_embarcados\lab3\Tiva_RTOS2_IAR8Last\tarefas\ewarm\Obj\driverleds.o
#        D:\UTFPR\EMBARCADOS\sistemas_embarcados\lab3\Tiva_RTOS2_IAR8Last\driverlib\ewarm\Exe\driverlib.a
#        D:\UTFPR\EMBARCADOS\sistemas_embarcados\lab3\Tiva_RTOS2_IAR8Last\tarefas\ewarm\Obj\elevatorfunctions.o
#        D:\UTFPR\EMBARCADOS\sistemas_embarcados\lab3\Tiva_RTOS2_IAR8Last\tarefas\ewarm\Obj\main.o
#        D:\UTFPR\EMBARCADOS\sistemas_embarcados\lab3\Tiva_RTOS2_IAR8Last\CMSIS\RTOS2\RTX\Library\IAR\RTX_CM4F.a
#        D:\UTFPR\EMBARCADOS\sistemas_embarcados\lab3\Tiva_RTOS2_IAR8Last\tarefas\ewarm\Obj\RTX_Config.o
#        D:\UTFPR\EMBARCADOS\sistemas_embarcados\lab3\Tiva_RTOS2_IAR8Last\tarefas\ewarm\Obj\rtx_lib.o
#        D:\UTFPR\EMBARCADOS\sistemas_embarcados\lab3\Tiva_RTOS2_IAR8Last\tarefas\ewarm\Obj\startup_tm4c1294.o
#        D:\UTFPR\EMBARCADOS\sistemas_embarcados\lab3\Tiva_RTOS2_IAR8Last\tarefas\ewarm\Obj\system_tm4c1294.o
#        D:\UTFPR\EMBARCADOS\sistemas_embarcados\lab3\Tiva_RTOS2_IAR8Last\tarefas\ewarm\Obj\uart_device.o
#        --no_out_extension -o
#        D:\UTFPR\EMBARCADOS\sistemas_embarcados\lab3\Tiva_RTOS2_IAR8Last\tarefas\ewarm\Exe\tarefas.out
#        --map
#        D:\UTFPR\EMBARCADOS\sistemas_embarcados\lab3\Tiva_RTOS2_IAR8Last\tarefas\ewarm\List\tarefas.map
#        --config "C:\Program Files (x86)\IAR Systems\Embedded Workbench
#        8.2\arm\config\linker\TexasInstruments\TM4C1294NC.icf" --semihosting
#        --entry __iar_program_start --vfe --text_out locale)
#
###############################################################################

*******************************************************************************
*** RUNTIME MODEL ATTRIBUTES
***

CppFlavor       = *
__SystemLibrary = DLib
__dlib_version  = 6


*******************************************************************************
*** HEAP SELECTION
***

The basic heap was selected because some modules are built with
size limitations (and not runtime checking), and --advanced_heap
was not specified.


*******************************************************************************
*** PLACEMENT SUMMARY
***

"A0":  place at 0x0 { ro section .intvec };
"P1":  place in [from 0x0 to 0xf'ffff] { ro };
define block CSTACK with size = 32K, alignment = 8 { };
define block HEAP with size = 64K, alignment = 8 { };
"P2":  place in [from 0x2000'0000 to 0x2003'ffff] {
          rw, block CSTACK, block HEAP };
initialize by copy { rw };

  Section               Kind         Address    Size  Object
  -------               ----         -------    ----  ------
"A0":                                          0x26c
  .intvec               ro code          0x0   0x26c  startup_tm4c1294.o [1]
                                     - 0x26c   0x26c

"P1":                                         0x3961
  .text                 ro code        0x26c   0xa50  rtx_thread.o [2]
  .text                 ro code        0xcbc     0x2  rtx_evr.o [2]
  .text                 ro code        0xcbe     0x2  rtx_evr.o [2]
  .text                 ro code        0xcc0     0x2  rtx_evr.o [2]
  .text                 ro code        0xcc2     0x2  rtx_evr.o [2]
  .text                 ro code        0xcc4     0x2  rtx_evr.o [2]
  .text                 ro code        0xcc6     0x2  rtx_evr.o [2]
  .text                 ro code        0xcc8     0x2  rtx_evr.o [2]
  .text                 ro code        0xcca     0x2  rtx_evr.o [2]
  .text                 ro code        0xccc     0x2  rtx_evr.o [2]
  .text                 ro code        0xcce     0x2  rtx_evr.o [2]
  .text                 ro code        0xcd0     0x2  rtx_evr.o [2]
  .text                 ro code        0xcd2     0x2  rtx_evr.o [2]
  .text                 ro code        0xcd4     0x2  rtx_evr.o [2]
  .text                 ro code        0xcd6    0x3a  zero_init3.o [6]
  .text                 ro code        0xd10    0xe6  rtx_mempool.o [2]
  .text                 ro code        0xdf6     0x2  rtx_evr.o [2]
  .text                 ro code        0xdf8    0x82  rtx_memory.o [2]
  .text                 ro code        0xe7a    0x1e  xsscin.o [3]
  .text                 ro code        0xe98     0x6  ABImemclr4.o [6]
  .text                 ro code        0xe9e     0x2  rtx_evr.o [2]
  .text                 ro code        0xea0    0x4c  rtx_memory.o [2]
  .text                 ro code        0xeec    0x4c  rtx_mutex.o [2]
  .text                 ro code        0xf38     0x2  rtx_evr.o [2]
  .text                 ro code        0xf3a     0x2  rtx_evr.o [2]
  .text                 ro code        0xf3c     0x2  rtx_evr.o [2]
  .text                 ro code        0xf3e     0x2  rtx_evr.o [2]
  .text                 ro code        0xf40     0x2  rtx_evr.o [2]
  .text                 ro code        0xf42     0x2  rtx_evr.o [2]
  .text                 ro code        0xf44     0x2  rtx_evr.o [2]
  .text                 ro code        0xf46     0x2  rtx_evr.o [2]
  .text                 ro code        0xf48     0x2  rtx_evr.o [2]
  .text                 ro code        0xf4a     0xa  xsprout.o [3]
  .text                 ro code        0xf54   0x174  rtx_system.o [2]
  .text                 ro code       0x10c8     0x2  rtx_evr.o [2]
  .text                 ro code       0x10ca    0x20  RTX_Config.o [1]
  .text                 ro code       0x10ea     0x2  rtx_evr.o [2]
  .text                 ro code       0x10ec     0x2  rtx_evr.o [2]
  .text                 ro code       0x10ee     0x2  rtx_evr.o [2]
  .text                 ro code       0x10f0     0x2  rtx_evr.o [2]
  .text                 ro code       0x10f2     0x2  RTX_Config.o [1]
  .text                 ro code       0x10f4    0x32  ABImemset48.o [6]
  .text                 ro code       0x1126     0x2  rtx_evr.o [2]
  .text                 ro code       0x1128     0x2  rtx_evr.o [2]
  .text                 ro code       0x112a     0x2  rtx_evr.o [2]
  .text                 ro code       0x112c     0xc  os_systick.o [2]
  .text                 ro code       0x1138   0x6b0  xscanflarge_nomb.o [3]
  .text                 ro code       0x17e8    0x16  strchr.o [6]
  .text                 ro code       0x1800    0x58  memchr.o [6]
  .text                 ro code       0x1858    0x40  xfail_s.o [3]
  .text                 ro code       0x1898    0x82  iar_Stolx.o [3]
  .text                 ro code       0x191c   0x14a  iar_Stoulx.o [3]
  .text                 ro code       0x1a66     0x6  abort.o [3]
  .text                 ro code       0x1a6c    0x14  exit.o [7]
  .text                 ro code       0x1a80   0x62c  rtx_msgqueue.o [2]
  .text                 ro code       0x20ac    0xa6  ABImemcpy.o [6]
  .text                 ro code       0x2152     0x2  rtx_evr.o [2]
  .text                 ro code       0x2154     0x2  rtx_evr.o [2]
  .text                 ro code       0x2156     0x2  rtx_evr.o [2]
  .text                 ro code       0x2158     0x6  ABImemclr.o [6]
  .text                 ro code       0x215e     0x2  rtx_evr.o [2]
  .text                 ro code       0x2160     0x2  rtx_evr.o [2]
  .text                 ro code       0x2162     0x2  rtx_evr.o [2]
  .text                 ro code       0x2164     0x2  rtx_evr.o [2]
  .text                 ro code       0x2166     0x2  rtx_evr.o [2]
  .text                 ro code       0x2168     0x2  rtx_evr.o [2]
  .text                 ro code       0x216a     0x2  rtx_evr.o [2]
  .text                 ro code       0x216c     0x2  rtx_evr.o [2]
  .text                 ro code       0x216e     0x2  rtx_evr.o [2]
  .text                 ro code       0x2170    0x5e  ABImemset.o [6]
  .text                 ro code       0x21d0   0x4dc  elevatorfunctions.o [1]
  .text                 ro code       0x26ac    0x40  sprintf.o [3]
  .text                 ro code       0x26ec   0x280  rtx_timer.o [2]
  .text                 ro code       0x296c    0x28  sscanf.o [3]
  .text                 ro code       0x2994   0x13e  xprintftiny.o [3]
  .text                 ro code       0x2ad2     0x2  rtx_evr.o [2]
  .text                 ro code       0x2ad4     0x2  rtx_evr.o [2]
  .text                 ro code       0x2ad6     0x2  rtx_evr.o [2]
  .text                 ro code       0x2ad8     0x2  rtx_evr.o [2]
  .text                 ro code       0x2ada     0x2  rtx_evr.o [2]
  .text                 ro code       0x2adc     0x2  rtx_evr.o [2]
  .text                 ro code       0x2ae0    0x36  strlen.o [6]
  .text                 ro code       0x2b18   0x2c4  rtx_kernel.o [2]
  .text                 ro code       0x2ddc     0x2  rtx_evr.o [2]
  .text                 ro code       0x2dde    0x44  rtx_memory.o [2]
  .text                 ro code       0x2e22     0x2  rtx_evr.o [2]
  .text                 ro code       0x2e24     0x2  rtx_evr.o [2]
  .text                 ro code       0x2e28    0x40  os_systick.o [2]
  .text                 ro code       0x2e68     0x6  os_systick.o [2]
  .text                 ro code       0x2e70    0x2c  os_systick.o [2]
  .text                 ro code       0x2e9c     0x2  rtx_evr.o [2]
  .text                 ro code       0x2e9e     0x2  rtx_lib.o [1]
  .text                 ro code       0x2ea0     0x2  rtx_evr.o [2]
  .text                 ro code       0x2ea2     0x2  rtx_evr.o [2]
  .text                 ro code       0x2ea4     0x2  rtx_evr.o [2]
  .text                 ro code       0x2ea8   0x264  sysctl.o [4]
  .text                 ro code       0x310c   0x204  uart_device.o [1]
  .text                 ro code       0x3310    0x92  uart.o [4]
  .text                 ro code       0x33a4    0xac  interrupt.o [4]
  .rodata               const         0x3450   0x1b0  sysctl.o [4]
  .text                 ro code       0x3600   0x140  main.o [1]
  .text                 ro code       0x3740    0x3c  system_tm4c1294.o [1]
  .text                 ro code       0x377c    0xc4  irq_cm4f.o [2]
  .rodata               const         0x3840    0x80  uart.o [4]
  .rodata               const         0x38c0    0x6c  sysctl.o [4]
  .rodata               const         0x392c    0x68  rtx_lib.o [1]
  .rodata               const         0x3994    0x50  iar_Stoulx.o [3]
  .text                 ro code       0x39e4    0x38  packbits_init_single.o [6]
  .rodata               const         0x3a1c    0x30  sysctl.o [4]
  .text                 ro code       0x3a4c    0x28  data_init.o [6]
  .rodata               const         0x3a74    0x24  rtx_lib.o [1]
  .rodata               const         0x3a98    0x24  rtx_lib.o [1]
  .rodata               const         0x3abc    0x24  xscanflarge_nomb.o [3]
  .text                 ro code       0x3ae0    0x22  fpinit_M.o [5]
  .iar.init_table       const         0x3b04    0x20  - Linker created -
  .text                 ro code       0x3b24    0x1e  cmain.o [6]
  .text                 ro code       0x3b42     0x4  low_level_init.o [3]
  .text                 ro code       0x3b46     0x4  exit.o [3]
  .text                 ro code       0x3b4c     0xa  cexit.o [6]
  .rodata               const         0x3b58    0x18  rtx_lib.o [1]
  .text                 ro code       0x3b70    0x10  startup_tm4c1294.o [1]
  .rodata               const         0x3b80     0xc  elevatorfunctions.o [1]
  .text                 ro code       0x3b8c     0xc  cstartup_M.o [6]
  .rodata               const         0x3b98     0x8  elevatorfunctions.o [1]
  .rodata               const         0x3ba0     0x4  rtx_lib.o [1]
  .text                 ro code       0x3ba4     0x4  startup_tm4c1294.o [1]
  .text                 ro code       0x3ba8     0x4  startup_tm4c1294.o [1]
  .text                 ro code       0x3bac     0x4  startup_tm4c1294.o [1]
  .text                 ro code       0x3bb0     0x4  startup_tm4c1294.o [1]
  .text                 ro code       0x3bb4     0x4  startup_tm4c1294.o [1]
  .text                 ro code       0x3bb8     0x4  startup_tm4c1294.o [1]
  .text                 ro code       0x3bbc     0x4  startup_tm4c1294.o [1]
  .rodata               const         0x3bc0     0x0  zero_init3.o [6]
  .rodata               const         0x3bc0     0x0  packbits_init_single.o [6]
  Initializer bytes     const         0x3bc0     0xd  <for P2-1>
                                    - 0x3bcd  0x3961

"P2", part 1 of 3:                              0xa4
  P2-1                           0x2000'0000    0xa4  <Init block>
    .data.os            inited   0x2000'0000    0xa4  rtx_kernel.o [2]
                               - 0x2000'00a4    0xa4

"P2", part 2 of 3:                            0x22f8
  .bss.os               zero     0x2000'00a8  0x2000  rtx_lib.o [1]
  .bss.os.thread.stack  zero     0x2000'20a8   0x100  rtx_lib.o [1]
  .bss.os.msgqueue.mem  zero     0x2000'21a8    0x50  rtx_lib.o [1]
  .bss.os.thread.stack  zero     0x2000'21f8    0x48  rtx_lib.o [1]
  .bss.os.thread.cb     zero     0x2000'2240    0x44  rtx_lib.o [1]
  .bss.os.thread.cb     zero     0x2000'2284    0x44  rtx_lib.o [1]
  .bss.os               zero     0x2000'22c8    0x40  rtx_lib.o [1]
  .bss.os.msgqueue.cb   zero     0x2000'2308    0x34  rtx_lib.o [1]
  .bss                  zero     0x2000'233c    0x30  main.o [1]
  .bss                  zero     0x2000'236c     0xc  main.o [1]
  .bss                  zero     0x2000'2378     0xc  main.o [1]
  .bss                  zero     0x2000'2384     0x4  main.o [1]
  .bss                  zero     0x2000'2388     0x4  main.o [1]
  .bss                  zero     0x2000'238c     0x4  main.o [1]
  .bss                  zero     0x2000'2390     0x4  system_tm4c1294.o [1]
  .bss                  zero     0x2000'2394     0x4  xfail_s.o [3]
  .bss                  zero     0x2000'2398     0x1  os_systick.o [2]
                               - 0x2000'2399  0x22f5

"P2", part 3 of 3:                            0x8270
  VTABLE                uninit   0x2000'2400   0x26c  interrupt.o [4]
  CSTACK                         0x2000'2670  0x8000  <Block>
    CSTACK              uninit   0x2000'2670  0x8000  <Block tail>
                               - 0x2000'a670  0x8270

Unused ranges:

         From           To      Size
         ----           --      ----
       0x3bcd     0xf'ffff  0xf'c433
  0x2000'239c  0x2000'23ff      0x64
  0x2000'a670  0x2003'ffff  0x3'5990


*******************************************************************************
*** INIT TABLE
***

          Address      Size
          -------      ----
Zero (__iar_zero_init3)
    1 destination range, total size 0x22f1:
          0x2000'00a8  0x22f1

Copy/packbits (__iar_packbits_init_single3)
    1 source range, total size 0xd (7% of destination):
               0x3bc0     0xd
    1 destination range, total size 0xa4:
          0x2000'0000    0xa4



*******************************************************************************
*** MODULE SUMMARY
***

    Module                  ro code  ro data  rw data
    ------                  -------  -------  -------
command line/config:
    -------------------------------------------------
    Total:

D:\UTFPR\EMBARCADOS\sistemas_embarcados\lab3\Tiva_RTOS2_IAR8Last\tarefas\ewarm\Obj: [1]
    RTX_Config.o                 34
    elevatorfunctions.o       1 244       20
    main.o                      320                84
    rtx_lib.o                     2      204    8 852
    startup_tm4c1294.o          664
    system_tm4c1294.o            60                 4
    uart_device.o               516
    -------------------------------------------------
    Total:                    2 840      224    8 940

RTX_CM4F.a: [2]
    irq_cm4f.o                  196
    os_systick.o                126                 1
    rtx_evr.o                   114
    rtx_kernel.o                708       13      164
    rtx_memory.o                274
    rtx_mempool.o               230
    rtx_msgqueue.o            1 580
    rtx_mutex.o                  76
    rtx_system.o                372
    rtx_thread.o              2 640
    rtx_timer.o                 640
    -------------------------------------------------
    Total:                    6 956       13      165

dl7M_tln.a: [3]
    abort.o                       6
    exit.o                        4
    iar_Stolx.o                 130
    iar_Stoulx.o                330       80
    low_level_init.o              4
    sprintf.o                    64
    sscanf.o                     40
    xfail_s.o                    64                 4
    xprintftiny.o               318
    xscanflarge_nomb.o        1 712       36
    xsprout.o                    10
    xsscin.o                     30
    -------------------------------------------------
    Total:                    2 712      116        4

driverlib.a: [4]
    interrupt.o                 172               620
    sysctl.o                    612      588
    uart.o                      146      128
    -------------------------------------------------
    Total:                      930      716      620

m7M_tls.a: [5]
    fpinit_M.o                   34
    -------------------------------------------------
    Total:                       34

rt7M_tl.a: [6]
    ABImemclr.o                   6
    ABImemclr4.o                  6
    ABImemcpy.o                 166
    ABImemset.o                  94
    ABImemset48.o                50
    cexit.o                      10
    cmain.o                      30
    cstartup_M.o                 12
    data_init.o                  40
    memchr.o                     88
    packbits_init_single.o       56
    strchr.o                     22
    strlen.o                     54
    zero_init3.o                 58
    -------------------------------------------------
    Total:                      692

shb_l.a: [7]
    exit.o                       20
    -------------------------------------------------
    Total:                       20

    Gaps                         20        4        4
    Linker created                        32   32 768
-----------------------------------------------------
    Grand Total:             14 204    1 105   42 501


*******************************************************************************
*** ENTRY LIST
***

Entry                       Address    Size  Type      Object
-----                       -------    ----  ----      ------
.iar.init_table$$Base        0x3b04           --   Gb  - Linker created -
.iar.init_table$$Limit       0x3b24           --   Gb  - Linker created -
?main                        0x3b25          Code  Gb  cmain.o [6]
CSTACK$$Base            0x2000'2670           --   Gb  - Linker created -
CSTACK$$Limit           0x2000'a670           --   Gb  - Linker created -
EvrRtxEventFlagsWaitTimeout
                              0xcc1     0x2  Code  Wk  rtx_evr.o [2]
EvrRtxKernelError            0x2ddd     0x2  Code  Wk  rtx_evr.o [2]
EvrRtxKernelGetState         0x2e25     0x2  Code  Wk  rtx_evr.o [2]
EvrRtxKernelInitialize       0x2ea1     0x2  Code  Wk  rtx_evr.o [2]
EvrRtxKernelInitialized
                             0x2e23     0x2  Code  Wk  rtx_evr.o [2]
EvrRtxKernelStart            0x2ea3     0x2  Code  Wk  rtx_evr.o [2]
EvrRtxKernelStarted          0x2e9d     0x2  Code  Wk  rtx_evr.o [2]
EvrRtxMemoryAlloc            0x10f1     0x2  Code  Wk  rtx_evr.o [2]
EvrRtxMemoryBlockAlloc       0x10ed     0x2  Code  Wk  rtx_evr.o [2]
EvrRtxMemoryBlockFree        0x10ef     0x2  Code  Wk  rtx_evr.o [2]
EvrRtxMemoryBlockInit        0x10eb     0x2  Code  Wk  rtx_evr.o [2]
EvrRtxMemoryFree             0x1127     0x2  Code  Wk  rtx_evr.o [2]
EvrRtxMemoryInit             0x2ea5     0x2  Code  Wk  rtx_evr.o [2]
EvrRtxMemoryPoolAllocTimeout
                              0xcc7     0x2  Code  Wk  rtx_evr.o [2]
EvrRtxMessageQueueCreated
                             0x215f     0x2  Code  Wk  rtx_evr.o [2]
EvrRtxMessageQueueError
                             0x2157     0x2  Code  Wk  rtx_evr.o [2]
EvrRtxMessageQueueGet        0x216f     0x2  Code  Wk  rtx_evr.o [2]
EvrRtxMessageQueueGetPending
                             0x2165     0x2  Code  Wk  rtx_evr.o [2]
EvrRtxMessageQueueGetTimeout
                              0xcc9     0x2  Code  Wk  rtx_evr.o [2]
EvrRtxMessageQueueInsertPending
                             0x216d     0x2  Code  Wk  rtx_evr.o [2]
EvrRtxMessageQueueInserted
                             0x2153     0x2  Code  Wk  rtx_evr.o [2]
EvrRtxMessageQueueNew        0x2169     0x2  Code  Wk  rtx_evr.o [2]
EvrRtxMessageQueueNotInserted
                             0x2163     0x2  Code  Wk  rtx_evr.o [2]
EvrRtxMessageQueueNotRetrieved
                             0x2167     0x2  Code  Wk  rtx_evr.o [2]
EvrRtxMessageQueuePut        0x216b     0x2  Code  Wk  rtx_evr.o [2]
EvrRtxMessageQueuePutPending
                             0x2161     0x2  Code  Wk  rtx_evr.o [2]
EvrRtxMessageQueuePutTimeout
                              0xccb     0x2  Code  Wk  rtx_evr.o [2]
EvrRtxMessageQueueRetrieved
                             0x2155     0x2  Code  Wk  rtx_evr.o [2]
EvrRtxMutexAcquireTimeout
                              0xcc3     0x2  Code  Wk  rtx_evr.o [2]
EvrRtxMutexAcquired          0x112b     0x2  Code  Wk  rtx_evr.o [2]
EvrRtxMutexReleased          0x1129     0x2  Code  Wk  rtx_evr.o [2]
EvrRtxSemaphoreAcquireTimeout
                              0xcc5     0x2  Code  Wk  rtx_evr.o [2]
EvrRtxThreadBlocked           0xcd3     0x2  Code  Wk  rtx_evr.o [2]
EvrRtxThreadCreated           0xe9f     0x2  Code  Wk  rtx_evr.o [2]
EvrRtxThreadDelayCompleted
                              0xcbd     0x2  Code  Wk  rtx_evr.o [2]
EvrRtxThreadDestroyed         0xf3b     0x2  Code  Wk  rtx_evr.o [2]
EvrRtxThreadError             0xdf7     0x2  Code  Wk  rtx_evr.o [2]
EvrRtxThreadExit              0xf47     0x2  Code  Wk  rtx_evr.o [2]
EvrRtxThreadFlagsSet          0xf49     0x2  Code  Wk  rtx_evr.o [2]
EvrRtxThreadFlagsSetDone
                              0xf3d     0x2  Code  Wk  rtx_evr.o [2]
EvrRtxThreadFlagsWait        0x10c9     0x2  Code  Wk  rtx_evr.o [2]
EvrRtxThreadFlagsWaitCompleted
                              0xcd5     0x2  Code  Wk  rtx_evr.o [2]
EvrRtxThreadFlagsWaitNotCompleted
                              0xf41     0x2  Code  Wk  rtx_evr.o [2]
EvrRtxThreadFlagsWaitPending
                              0xf3f     0x2  Code  Wk  rtx_evr.o [2]
EvrRtxThreadFlagsWaitTimeout
                              0xcbf     0x2  Code  Wk  rtx_evr.o [2]
EvrRtxThreadJoined            0xf39     0x2  Code  Wk  rtx_evr.o [2]
EvrRtxThreadNew               0xf43     0x2  Code  Wk  rtx_evr.o [2]
EvrRtxThreadPreempted         0xccf     0x2  Code  Wk  rtx_evr.o [2]
EvrRtxThreadSetPriority
                              0xf45     0x2  Code  Wk  rtx_evr.o [2]
EvrRtxThreadSwitched          0xcd1     0x2  Code  Wk  rtx_evr.o [2]
EvrRtxThreadUnblocked         0xccd     0x2  Code  Wk  rtx_evr.o [2]
EvrRtxTimerCallback          0x2add     0x2  Code  Wk  rtx_evr.o [2]
EvrRtxTimerCreated           0x2ad3     0x2  Code  Wk  rtx_evr.o [2]
EvrRtxTimerError             0x2ad5     0x2  Code  Wk  rtx_evr.o [2]
EvrRtxTimerNew               0x2ad9     0x2  Code  Wk  rtx_evr.o [2]
EvrRtxTimerStart             0x2adb     0x2  Code  Wk  rtx_evr.o [2]
EvrRtxTimerStarted           0x2ad7     0x2  Code  Wk  rtx_evr.o [2]
IntEnable                    0x33cd    0x46  Code  Gb  interrupt.o [4]
IntRegister                  0x33a5    0x28  Code  Gb  interrupt.o [4]
MessageQueueGet              0x1acd    0x40  Code  Lc  rtx_msgqueue.o [2]
MessageQueuePut              0x1a81    0x4a  Code  Lc  rtx_msgqueue.o [2]
MessageQueueRemove           0x1b0d    0x1a  Code  Lc  rtx_msgqueue.o [2]
OS_Tick_AcknowledgeIRQ       0x112d     0xc  Code  Wk  os_systick.o [2]
OS_Tick_Enable               0x2e71    0x2c  Code  Wk  os_systick.o [2]
OS_Tick_GetIRQn              0x2e69     0x6  Code  Wk  os_systick.o [2]
OS_Tick_Setup                0x2e29    0x40  Code  Wk  os_systick.o [2]
PendST                  0x2000'2398     0x1  Data  Lc  os_systick.o [2]
PendSV_Handler               0x3815          Code  Gb  irq_cm4f.o [2]
Region$$Table$$Base          0x3b04           --   Gb  - Linker created -
Region$$Table$$Limit         0x3b24           --   Gb  - Linker created -
SVC_Handler                  0x377d          Code  Gb  irq_cm4f.o [2]
SysCtlClockFreqSet           0x2ec9   0x20a  Code  Gb  sysctl.o [4]
SysTick_Handler              0x3825          Code  Gb  irq_cm4f.o [2]
SystemCoreClock         0x2000'2390     0x4  Data  Gb  system_tm4c1294.o [1]
SystemInit                   0x3741    0x20  Code  Gb  system_tm4c1294.o [1]
ThreadFlagsCheck              0x26d    0x6c  Code  Lc  rtx_thread.o [2]
TimerInsert                  0x26ed    0x38  Code  Lc  rtx_timer.o [2]
TimerRemove                  0x2725    0x22  Code  Lc  rtx_timer.o [2]
UARTCharGet                  0x335f     0xe  Code  Gb  uart.o [4]
UARTCharPut                  0x336d    0x10  Code  Gb  uart.o [4]
UARTFIFOLevelSet             0x3341     0x8  Code  Gb  uart.o [4]
UARTIntClear                 0x339d     0x6  Code  Gb  uart.o [4]
UARTIntEnable                0x3397     0x6  Code  Gb  uart.o [4]
UARTIntRegister              0x337d    0x1a  Code  Gb  uart.o [4]
UARTRxHandler                0x31c1    0x16  Code  Gb  uart_device.o [1]
UARTTxThread            0x2000'2388     0x4  Data  Gb  main.o [1]
_GetN                        0x1139    0x22  Code  Lc  xscanflarge_nomb.o [3]
_GetintLargeNoMb             0x159d   0x1f4  Code  Lc  xscanflarge_nomb.o [3]
_GetstrLargeNoMb             0x13e9   0x1a8  Code  Lc  xscanflarge_nomb.o [3]
_PrintfTiny                  0x29ad   0x126  Code  Gb  xprintftiny.o [3]
_SProut                       0xf4b     0xa  Code  Gb  xsprout.o [3]
_SScin                        0xe7b    0x1e  Code  Gb  xsscin.o [3]
_ScanfLargeNoMb              0x1175   0x22a  Code  Gb  xscanflarge_nomb.o [3]
_SysCtlMemTimingGet          0x2ea9    0x20  Code  Lc  sysctl.o [4]
_UARTIntNumberGet            0x3311    0x30  Code  Lc  uart.o [4]
_UngetN                      0x115b    0x1a  Code  Lc  xscanflarge_nomb.o [3]
__Vectors                       0x0           --   Gb  startup_tm4c1294.o [1]
__Vectors_End                 0x26c          Data  Gb  startup_tm4c1294.o [1]
__Vectors_Size {Abs}          0x26c           --   Gb  startup_tm4c1294.o [1]
__aeabi_memclr               0x2159          Code  Gb  ABImemclr.o [6]
__aeabi_memclr4               0xe99          Code  Gb  ABImemclr4.o [6]
__aeabi_memcpy               0x20ad          Code  Gb  ABImemcpy.o [6]
__aeabi_memcpy4              0x20cd          Code  Gb  ABImemcpy.o [6]
__aeabi_memcpy8              0x20cd          Code  Gb  ABImemcpy.o [6]
__cmain                      0x3b25          Code  Gb  cmain.o [6]
__exit                       0x1a6d    0x14  Code  Gb  exit.o [7]
__iar_Fail_s                 0x1859    0x1c  Code  Gb  xfail_s.o [3]
__iar_Memchr                 0x1801          Code  Gb  memchr.o [6]
__iar_Memset4_word           0x10f5          Code  Gb  ABImemset48.o [6]
__iar_Memset8_word           0x10f5          Code  Gb  ABImemset48.o [6]
__iar_Memset_word            0x2171          Code  Gb  ABImemset.o [6]
__iar_Stolx                  0x1899    0x7e  Code  Gb  iar_Stolx.o [3]
__iar_Stoulx                 0x191d   0x13e  Code  Gb  iar_Stoulx.o [3]
__iar_Strchr                 0x17e9          Code  Gb  strchr.o [6]
__iar_data_init3             0x3a4d    0x28  Code  Gb  data_init.o [6]
__iar_init_vfp               0x3ae1          Code  Gb  fpinit_M.o [5]
__iar_packbits_init_single3
                             0x39e5    0x38  Code  Gb  packbits_init_single.o [6]
__iar_program_start          0x3b8d          Code  Gb  cstartup_M.o [6]
__iar_zero_init3              0xcd7    0x3a  Code  Gb  zero_init3.o [6]
__low_level_init             0x3b43     0x4  Code  Gb  low_level_init.o [3]
__vector_table                  0x0          Data  Gb  startup_tm4c1294.o [1]
__vector_table_0x1c            0x1c          Data  Gb  startup_tm4c1294.o [1]
_call_main                   0x3b31          Code  Gb  cmain.o [6]
_exit                        0x3b4d          Code  Gb  cexit.o [6]
_main                        0x3b3f          Code  Gb  cmain.o [6]
abort                        0x1a67     0x6  Code  Gb  abort.o [3]
digits                       0x39bc    0x28  Data  Lc  iar_Stoulx.o [3]
elevatorController           0x21d1   0x19e  Code  Gb  elevatorfunctions.o [1]
elevatorControllerThreads
                        0x2000'236c     0xc  Data  Gb  main.o [1]
elevatorMananger             0x2389   0x30c  Code  Gb  elevatorfunctions.o [1]
elevatorManangerThreads
                        0x2000'2378     0xc  Data  Gb  main.o [1]
elevators               0x2000'233c    0x30  Data  Gb  main.o [1]
exit                         0x3b47     0x4  Code  Gb  exit.o [3]
g_pfnRAMVectors         0x2000'2400   0x26c  Data  Lc  interrupt.o [4]
g_pppui32XTALtoVCO           0x3450   0x1b0  Data  Lc  sysctl.o [4]
g_ppui32UARTIntMap           0x3840    0x40  Data  Lc  uart.o [4]
g_ppui32UARTIntMapSnowflake
                             0x3880    0x40  Data  Lc  uart.o [4]
g_pui32EnRegs                0x343c    0x14  Data  Lc  interrupt.o [4]
g_pui32VCOFrequencies        0x3104     0x8  Data  Lc  sysctl.o [4]
g_pui32Xtals                 0x38c0    0x6c  Data  Lc  sysctl.o [4]
g_sXTALtoMEMTIM              0x3a1c    0x30  Data  Lc  sysctl.o [4]
initUART                     0x310d    0xb2  Code  Gb  uart_device.o [1]
main                         0x3601   0x140  Code  Gb  main.o [1]
memchr                       0x1801          Code  Gb  memchr.o [6]
msgTxUARTQueue          0x2000'238c     0x4  Data  Gb  main.o [1]
ndigs                        0x3994    0x28  Data  Lc  iar_Stoulx.o [3]
newMessage                   0x3211    0xb4  Code  Gb  uart_device.o [1]
newMessageThread        0x2000'2384     0x4  Data  Gb  main.o [1]
osKernelGetState             0x2d41    0x40  Code  Gb  rtx_kernel.o [2]
osKernelInitialize           0x2d09    0x38  Code  Gb  rtx_kernel.o [2]
osKernelStart                0x2d81    0x34  Code  Gb  rtx_kernel.o [2]
osMessageQueueGet            0x2009    0x90  Code  Gb  rtx_msgqueue.o [2]
osMessageQueueNew            0x1f31    0x3e  Code  Gb  rtx_msgqueue.o [2]
osMessageQueuePut            0x1f71    0x98  Code  Gb  rtx_msgqueue.o [2]
osRtxConfig                  0x392c    0x68  Data  Gb  rtx_lib.o [1]
osRtxErrorNotify             0x10cb    0x20  Code  Wk  RTX_Config.o [1]
osRtxIdleThread              0x10f3     0x2  Code  Wk  RTX_Config.o [1]
osRtxInfo               0x2000'0000    0xa4  Data  Gb  rtx_kernel.o [2]
osRtxKernelPreInit           0x2e9f     0x2  Code  Gb  rtx_lib.o [1]
osRtxMemoryAlloc              0xdf9    0x82  Code  Wk  rtx_memory.o [2]
osRtxMemoryFree               0xea1    0x4c  Code  Wk  rtx_memory.o [2]
osRtxMemoryInit              0x2ddf    0x44  Code  Wk  rtx_memory.o [2]
osRtxMemoryPoolAlloc          0xd5d    0x44  Code  Gb  rtx_mempool.o [2]
osRtxMemoryPoolFree           0xda1    0x56  Code  Gb  rtx_mempool.o [2]
osRtxMemoryPoolInit           0xd11    0x4a  Code  Gb  rtx_mempool.o [2]
osRtxMessageQueuePostProcess
                             0x1b27    0xee  Code  Lc  rtx_msgqueue.o [2]
osRtxMutexOwnerRelease        0xeed    0x4c  Code  Gb  rtx_mutex.o [2]
osRtxPendSV_Handler           0xfc5    0x8a  Code  Gb  rtx_system.o [2]
osRtxPostProcess             0x1051    0x6e  Code  Gb  rtx_system.o [2]
osRtxThreadBlock              0x52f    0x34  Code  Lc  rtx_thread.o [2]
osRtxThreadDelayInsert        0x353    0x66  Code  Lc  rtx_thread.o [2]
osRtxThreadDelayRemove        0x3b9    0x60  Code  Lc  rtx_thread.o [2]
osRtxThreadDelayTick          0x419   0x102  Code  Gb  rtx_thread.o [2]
osRtxThreadDispatch           0x57f    0x5c  Code  Gb  rtx_thread.o [2]
osRtxThreadFree               0x8b9    0x56  Code  Lc  rtx_thread.o [2]
osRtxThreadListGet            0x2fd    0x16  Code  Gb  rtx_thread.o [2]
osRtxThreadListPut            0x2d9    0x24  Code  Gb  rtx_thread.o [2]
osRtxThreadListRemove         0x335    0x16  Code  Gb  rtx_thread.o [2]
osRtxThreadListSort           0x313    0x22  Code  Gb  rtx_thread.o [2]
osRtxThreadPostProcess        0x651    0x50  Code  Lc  rtx_thread.o [2]
osRtxThreadReadyPut           0x34b     0x8  Code  Gb  rtx_thread.o [2]
osRtxThreadRegPtr             0x51b    0x14  Code  Gb  rtx_thread.o [2]
osRtxThreadStartup            0xacd    0x3e  Code  Gb  rtx_thread.o [2]
osRtxThreadSwitch             0x563    0x1c  Code  Gb  rtx_thread.o [2]
osRtxThreadWaitEnter          0x615    0x3c  Code  Gb  rtx_thread.o [2]
osRtxThreadWaitExit           0x5e1    0x2e  Code  Gb  rtx_thread.o [2]
osRtxTick_Handler             0xf55    0x6e  Code  Gb  rtx_system.o [2]
osRtxTimerThread             0x2921    0x4c  Code  Wk  rtx_timer.o [2]
osRtxTimerTick               0x2747    0x54  Code  Lc  rtx_timer.o [2]
osRtxUserSVC                 0x3ba0     0x4  Data  Wk  rtx_lib.o [1]
osThreadExit                  0xb91    0x16  Code  Gb  rtx_thread.o [2]
osThreadFlagsSet              0xbb5    0x7a  Code  Gb  rtx_thread.o [2]
osThreadFlagsWait             0xc35    0x42  Code  Gb  rtx_thread.o [2]
osThreadNew                   0xb0d    0x40  Code  Gb  rtx_thread.o [2]
osThreadSetPriority           0xb4d    0x40  Code  Gb  rtx_thread.o [2]
osTimerNew                   0x288d    0x42  Code  Gb  rtx_timer.o [2]
osTimerStart                 0x28d1    0x3e  Code  Gb  rtx_timer.o [2]
os_idle_thread_attr          0x3a74    0x24  Data  Lc  rtx_lib.o [1]
os_idle_thread_cb       0x2000'2240    0x44  Data  Lc  rtx_lib.o [1]
os_idle_thread_stack    0x2000'21f8    0x48  Data  Lc  rtx_lib.o [1]
os_isr_queue            0x2000'22c8    0x40  Data  Lc  rtx_lib.o [1]
os_mem                  0x2000'00a8  0x2000  Data  Lc  rtx_lib.o [1]
os_timer_mq_attr             0x3b58    0x18  Data  Lc  rtx_lib.o [1]
os_timer_mq_cb          0x2000'2308    0x34  Data  Lc  rtx_lib.o [1]
os_timer_mq_data        0x2000'21a8    0x50  Data  Lc  rtx_lib.o [1]
os_timer_thread_attr         0x3a98    0x24  Data  Lc  rtx_lib.o [1]
os_timer_thread_cb      0x2000'2284    0x44  Data  Lc  rtx_lib.o [1]
os_timer_thread_stack   0x2000'20a8   0x100  Data  Lc  rtx_lib.o [1]
out                          0x2995    0x18  Code  Lc  xprintftiny.o [3]
ranmatch                     0x13a5    0x44  Code  Lc  xscanflarge_nomb.o [3]
sec_hand                0x2000'2394     0x4  Data  Lc  xfail_s.o [3]
sprintf                      0x26ad    0x40  Code  Gb  sprintf.o [3]
sscanf                       0x296d    0x28  Code  Gb  sscanf.o [3]
strchr                       0x17e9          Code  Gb  strchr.o [6]
strlen                       0x2ae1          Code  Gb  strlen.o [6]
strtol                       0x1917     0x4  Code  Gb  iar_Stolx.o [3]
strtoul                      0x1a61     0x2  Code  Gb  iar_Stoulx.o [3]
svcRtxKernelGetState         0x2c5f    0x12  Code  Lc  rtx_kernel.o [2]
svcRtxKernelInitialize       0x2b19   0x146  Code  Lc  rtx_kernel.o [2]
svcRtxKernelStart            0x2c71    0x98  Code  Lc  rtx_kernel.o [2]
svcRtxMessageQueueGet        0x1e19    0xee  Code  Lc  rtx_msgqueue.o [2]
svcRtxMessageQueueNew        0x1c15   0x130  Code  Lc  rtx_msgqueue.o [2]
svcRtxMessageQueuePut        0x1d45    0xd4  Code  Lc  rtx_msgqueue.o [2]
svcRtxThreadExit              0x90f    0x96  Code  Lc  rtx_thread.o [2]
svcRtxThreadFlagsSet          0x9a5    0x94  Code  Lc  rtx_thread.o [2]
svcRtxThreadFlagsWait         0xa45    0x88  Code  Lc  rtx_thread.o [2]
svcRtxThreadNew               0x6a1   0x1c8  Code  Lc  rtx_thread.o [2]
svcRtxThreadSetPriority
                              0x86f    0x4a  Code  Lc  rtx_thread.o [2]
svcRtxTimerNew               0x279b    0x9e  Code  Lc  rtx_timer.o [2]
svcRtxTimerStart             0x2839    0x4c  Code  Lc  rtx_timer.o [2]
timerElevatorWaitStateCallback
                             0x26a1     0xc  Code  Gb  elevatorfunctions.o [1]
uartTx                       0x31d7    0x3a  Code  Gb  uart_device.o [1]


[1] = D:\UTFPR\EMBARCADOS\sistemas_embarcados\lab3\Tiva_RTOS2_IAR8Last\tarefas\ewarm\Obj
[2] = RTX_CM4F.a
[3] = dl7M_tln.a
[4] = driverlib.a
[5] = m7M_tls.a
[6] = rt7M_tl.a
[7] = shb_l.a

  14 204 bytes of readonly  code memory
   1 105 bytes of readonly  data memory
  42 501 bytes of readwrite data memory

Errors: none
Warnings: none
