###############################################################################
#
# IAR ELF Linker V8.32.3.193/W32 for ARM                  21/Jun/2019  21:58:00
# Copyright 2007-2019 IAR Systems AB.
#
#    Output file  =  
#        D:\UTFPR\EMBARCADOS\sistemas_embarcados\lab3\Tiva_RTOS2_IAR8Last\tarefas\ewarm\Exe\tarefas.out
#    Map file     =  
#        D:\UTFPR\EMBARCADOS\sistemas_embarcados\lab3\Tiva_RTOS2_IAR8Last\tarefas\ewarm\List\tarefas.map
#    Command line =  
#        -f C:\Users\Diogo\AppData\Local\Temp\EWE3F6.tmp
#        (D:\UTFPR\EMBARCADOS\sistemas_embarcados\lab3\Tiva_RTOS2_IAR8Last\tarefas\ewarm\Obj\driverleds.o
#        D:\UTFPR\EMBARCADOS\sistemas_embarcados\lab3\Tiva_RTOS2_IAR8Last\driverlib\ewarm\Exe\driverlib.a
#        D:\UTFPR\EMBARCADOS\sistemas_embarcados\lab3\Tiva_RTOS2_IAR8Last\tarefas\ewarm\Obj\elevatorfunctions.o
#        D:\UTFPR\EMBARCADOS\sistemas_embarcados\lab3\Tiva_RTOS2_IAR8Last\tarefas\ewarm\Obj\main.o
#        D:\UTFPR\EMBARCADOS\sistemas_embarcados\lab3\Tiva_RTOS2_IAR8Last\CMSIS\RTOS2\RTX\Library\IAR\RTX_CM4F.a
#        D:\UTFPR\EMBARCADOS\sistemas_embarcados\lab3\Tiva_RTOS2_IAR8Last\tarefas\ewarm\Obj\RTX_Config.o
#        D:\UTFPR\EMBARCADOS\sistemas_embarcados\lab3\Tiva_RTOS2_IAR8Last\tarefas\ewarm\Obj\rtx_lib.o
#        D:\UTFPR\EMBARCADOS\sistemas_embarcados\lab3\Tiva_RTOS2_IAR8Last\tarefas\ewarm\Obj\startup_tm4c1294.o
#        D:\UTFPR\EMBARCADOS\sistemas_embarcados\lab3\Tiva_RTOS2_IAR8Last\tarefas\ewarm\Obj\system_tm4c1294.o
#        D:\UTFPR\EMBARCADOS\sistemas_embarcados\lab3\Tiva_RTOS2_IAR8Last\tarefas\ewarm\Obj\uart_device.o
#        --no_out_extension -o
#        D:\UTFPR\EMBARCADOS\sistemas_embarcados\lab3\Tiva_RTOS2_IAR8Last\tarefas\ewarm\Exe\tarefas.out
#        --map
#        D:\UTFPR\EMBARCADOS\sistemas_embarcados\lab3\Tiva_RTOS2_IAR8Last\tarefas\ewarm\List\tarefas.map
#        --config "C:\Program Files (x86)\IAR Systems\Embedded Workbench
#        8.2\arm\config\linker\TexasInstruments\TM4C1294NC.icf" --semihosting
#        --entry __iar_program_start --vfe --text_out locale)
#
###############################################################################

*******************************************************************************
*** RUNTIME MODEL ATTRIBUTES
***

CppFlavor       = *
__SystemLibrary = DLib
__dlib_version  = 6


*******************************************************************************
*** HEAP SELECTION
***

The basic heap was selected because some modules are built with
size limitations (and not runtime checking), and --advanced_heap
was not specified.


*******************************************************************************
*** PLACEMENT SUMMARY
***

"A0":  place at 0x0 { ro section .intvec };
"P1":  place in [from 0x0 to 0xf'ffff] { ro };
define block CSTACK with size = 32K, alignment = 8 { };
define block HEAP with size = 64K, alignment = 8 { };
"P2":  place in [from 0x2000'0000 to 0x2003'ffff] {
          rw, block CSTACK, block HEAP };
initialize by copy { rw };

  Section               Kind         Address    Size  Object
  -------               ----         -------    ----  ------
"A0":                                          0x26c
  .intvec               ro code          0x0   0x26c  startup_tm4c1294.o [1]
                                     - 0x26c   0x26c

"P1":                                         0x3765
  .text                 ro code        0x26c   0x9a0  rtx_thread.o [2]
  .text                 ro code        0xc0c     0x2  rtx_evr.o [2]
  .text                 ro code        0xc0e     0x2  rtx_evr.o [2]
  .text                 ro code        0xc10     0x2  rtx_evr.o [2]
  .text                 ro code        0xc12     0x2  rtx_evr.o [2]
  .text                 ro code        0xc14     0x2  rtx_evr.o [2]
  .text                 ro code        0xc16     0x2  rtx_evr.o [2]
  .text                 ro code        0xc18     0x2  rtx_evr.o [2]
  .text                 ro code        0xc1a     0x2  rtx_evr.o [2]
  .text                 ro code        0xc1c     0x2  rtx_evr.o [2]
  .text                 ro code        0xc1e     0x2  rtx_evr.o [2]
  .text                 ro code        0xc20     0x2  rtx_evr.o [2]
  .text                 ro code        0xc22     0x2  rtx_evr.o [2]
  .text                 ro code        0xc24     0x2  rtx_evr.o [2]
  .text                 ro code        0xc26    0x3a  zero_init3.o [6]
  .text                 ro code        0xc60    0xe6  rtx_mempool.o [2]
  .text                 ro code        0xd46     0x2  rtx_evr.o [2]
  .text                 ro code        0xd48    0x82  rtx_memory.o [2]
  .text                 ro code        0xdca    0x1e  xsscin.o [3]
  .text                 ro code        0xde8     0x6  ABImemclr4.o [6]
  .text                 ro code        0xdee     0x2  rtx_evr.o [2]
  .text                 ro code        0xdf0    0x4c  rtx_memory.o [2]
  .text                 ro code        0xe3c    0x4c  rtx_mutex.o [2]
  .text                 ro code        0xe88     0x2  rtx_evr.o [2]
  .text                 ro code        0xe8a     0x2  rtx_evr.o [2]
  .text                 ro code        0xe8c     0x2  rtx_evr.o [2]
  .text                 ro code        0xe8e     0x2  rtx_evr.o [2]
  .text                 ro code        0xe90     0x2  rtx_evr.o [2]
  .text                 ro code        0xe92     0x2  rtx_evr.o [2]
  .text                 ro code        0xe94     0x2  rtx_evr.o [2]
  .text                 ro code        0xe96     0x2  rtx_evr.o [2]
  .text                 ro code        0xe98   0x174  rtx_system.o [2]
  .text                 ro code       0x100c     0x2  rtx_evr.o [2]
  .text                 ro code       0x100e    0x20  RTX_Config.o [1]
  .text                 ro code       0x102e     0x2  rtx_evr.o [2]
  .text                 ro code       0x1030     0x2  rtx_evr.o [2]
  .text                 ro code       0x1032     0x2  rtx_evr.o [2]
  .text                 ro code       0x1034     0x2  rtx_evr.o [2]
  .text                 ro code       0x1036     0xa  xsprout.o [3]
  .text                 ro code       0x1040    0x32  ABImemset48.o [6]
  .text                 ro code       0x1072     0x2  rtx_evr.o [2]
  .text                 ro code       0x1074     0x2  rtx_evr.o [2]
  .text                 ro code       0x1076     0x2  rtx_evr.o [2]
  .text                 ro code       0x1078     0xc  os_systick.o [2]
  .text                 ro code       0x1084   0x6b0  xscanflarge_nomb.o [3]
  .text                 ro code       0x1734    0x16  strchr.o [6]
  .text                 ro code       0x174a     0x2  RTX_Config.o [1]
  .text                 ro code       0x174c    0x58  memchr.o [6]
  .text                 ro code       0x17a4    0x40  xfail_s.o [3]
  .text                 ro code       0x17e4    0x82  iar_Stolx.o [3]
  .text                 ro code       0x1868   0x14a  iar_Stoulx.o [3]
  .text                 ro code       0x19b2     0x6  abort.o [3]
  .text                 ro code       0x19b8    0x14  exit.o [7]
  .text                 ro code       0x19cc   0x62c  rtx_msgqueue.o [2]
  .text                 ro code       0x1ff8    0xa6  ABImemcpy.o [6]
  .text                 ro code       0x209e     0x2  rtx_evr.o [2]
  .text                 ro code       0x20a0     0x2  rtx_evr.o [2]
  .text                 ro code       0x20a2     0x2  rtx_evr.o [2]
  .text                 ro code       0x20a4     0x6  ABImemclr.o [6]
  .text                 ro code       0x20aa     0x2  rtx_evr.o [2]
  .text                 ro code       0x20ac     0x2  rtx_evr.o [2]
  .text                 ro code       0x20ae     0x2  rtx_evr.o [2]
  .text                 ro code       0x20b0     0x2  rtx_evr.o [2]
  .text                 ro code       0x20b2     0x2  rtx_evr.o [2]
  .text                 ro code       0x20b4     0x2  rtx_evr.o [2]
  .text                 ro code       0x20b6     0x2  rtx_evr.o [2]
  .text                 ro code       0x20b8     0x2  rtx_evr.o [2]
  .text                 ro code       0x20ba     0x2  rtx_evr.o [2]
  .text                 ro code       0x20bc    0x5e  ABImemset.o [6]
  .text                 ro code       0x211c   0x3a4  elevatorfunctions.o [1]
  .text                 ro code       0x24c0    0x40  sprintf.o [3]
  .text                 ro code       0x2500   0x280  rtx_timer.o [2]
  .text                 ro code       0x2780    0x28  sscanf.o [3]
  .text                 ro code       0x27a8   0x13e  xprintftiny.o [3]
  .text                 ro code       0x28e6     0x2  rtx_evr.o [2]
  .text                 ro code       0x28e8     0x2  rtx_evr.o [2]
  .text                 ro code       0x28ea     0x2  rtx_evr.o [2]
  .text                 ro code       0x28ec     0x2  rtx_evr.o [2]
  .text                 ro code       0x28ee     0x2  rtx_evr.o [2]
  .text                 ro code       0x28f0     0x2  rtx_evr.o [2]
  .text                 ro code       0x28f4    0x36  strlen.o [6]
  .text                 ro code       0x292c   0x2c4  rtx_kernel.o [2]
  .text                 ro code       0x2bf0     0x2  rtx_evr.o [2]
  .text                 ro code       0x2bf2    0x44  rtx_memory.o [2]
  .text                 ro code       0x2c36     0x2  rtx_evr.o [2]
  .text                 ro code       0x2c38     0x2  rtx_evr.o [2]
  .text                 ro code       0x2c3c    0x40  os_systick.o [2]
  .text                 ro code       0x2c7c     0x6  os_systick.o [2]
  .text                 ro code       0x2c84    0x2c  os_systick.o [2]
  .text                 ro code       0x2cb0     0x2  rtx_evr.o [2]
  .text                 ro code       0x2cb2     0x2  rtx_lib.o [1]
  .text                 ro code       0x2cb4     0x2  rtx_evr.o [2]
  .text                 ro code       0x2cb6     0x2  rtx_evr.o [2]
  .text                 ro code       0x2cb8     0x2  rtx_evr.o [2]
  .text                 ro code       0x2cbc   0x264  sysctl.o [4]
  .text                 ro code       0x2f20   0x204  uart_device.o [1]
  .text                 ro code       0x3124    0x92  uart.o [4]
  .text                 ro code       0x31b8    0xac  interrupt.o [4]
  .rodata               const         0x3264   0x1b0  sysctl.o [4]
  .text                 ro code       0x3414   0x130  main.o [1]
  .text                 ro code       0x3544    0x3c  system_tm4c1294.o [1]
  .text                 ro code       0x3580    0xc4  irq_cm4f.o [2]
  .rodata               const         0x3644    0x80  uart.o [4]
  .rodata               const         0x36c4    0x6c  sysctl.o [4]
  .rodata               const         0x3730    0x68  rtx_lib.o [1]
  .rodata               const         0x3798    0x50  iar_Stoulx.o [3]
  .text                 ro code       0x37e8    0x38  packbits_init_single.o [6]
  .rodata               const         0x3820    0x30  sysctl.o [4]
  .text                 ro code       0x3850    0x28  data_init.o [6]
  .rodata               const         0x3878    0x24  rtx_lib.o [1]
  .rodata               const         0x389c    0x24  rtx_lib.o [1]
  .rodata               const         0x38c0    0x24  xscanflarge_nomb.o [3]
  .text                 ro code       0x38e4    0x22  fpinit_M.o [5]
  .iar.init_table       const         0x3908    0x20  - Linker created -
  .text                 ro code       0x3928    0x1e  cmain.o [6]
  .text                 ro code       0x3946     0x4  low_level_init.o [3]
  .text                 ro code       0x394a     0x4  exit.o [3]
  .text                 ro code       0x3950     0xa  cexit.o [6]
  .rodata               const         0x395c    0x18  rtx_lib.o [1]
  .text                 ro code       0x3974    0x10  startup_tm4c1294.o [1]
  .rodata               const         0x3984     0xc  elevatorfunctions.o [1]
  .text                 ro code       0x3990     0xc  cstartup_M.o [6]
  .rodata               const         0x399c     0x8  elevatorfunctions.o [1]
  .rodata               const         0x39a4     0x4  rtx_lib.o [1]
  .text                 ro code       0x39a8     0x4  startup_tm4c1294.o [1]
  .text                 ro code       0x39ac     0x4  startup_tm4c1294.o [1]
  .text                 ro code       0x39b0     0x4  startup_tm4c1294.o [1]
  .text                 ro code       0x39b4     0x4  startup_tm4c1294.o [1]
  .text                 ro code       0x39b8     0x4  startup_tm4c1294.o [1]
  .text                 ro code       0x39bc     0x4  startup_tm4c1294.o [1]
  .text                 ro code       0x39c0     0x4  startup_tm4c1294.o [1]
  .rodata               const         0x39c4     0x0  zero_init3.o [6]
  .rodata               const         0x39c4     0x0  packbits_init_single.o [6]
  Initializer bytes     const         0x39c4     0xd  <for P2-1>
                                    - 0x39d1  0x3765

"P2", part 1 of 3:                              0xa4
  P2-1                           0x2000'0000    0xa4  <Init block>
    .data.os            inited   0x2000'0000    0xa4  rtx_kernel.o [2]
                               - 0x2000'00a4    0xa4

"P2", part 2 of 3:                            0x16f8
  .bss.os               zero     0x2000'00a8  0x1400  rtx_lib.o [1]
  .bss.os.thread.stack  zero     0x2000'14a8   0x100  rtx_lib.o [1]
  .bss.os.msgqueue.mem  zero     0x2000'15a8    0x50  rtx_lib.o [1]
  .bss.os.thread.stack  zero     0x2000'15f8    0x48  rtx_lib.o [1]
  .bss.os.thread.cb     zero     0x2000'1640    0x44  rtx_lib.o [1]
  .bss.os.thread.cb     zero     0x2000'1684    0x44  rtx_lib.o [1]
  .bss.os               zero     0x2000'16c8    0x40  rtx_lib.o [1]
  .bss.os.msgqueue.cb   zero     0x2000'1708    0x34  rtx_lib.o [1]
  .bss                  zero     0x2000'173c    0x30  main.o [1]
  .bss                  zero     0x2000'176c     0xc  main.o [1]
  .bss                  zero     0x2000'1778     0xc  main.o [1]
  .bss                  zero     0x2000'1784     0x4  main.o [1]
  .bss                  zero     0x2000'1788     0x4  main.o [1]
  .bss                  zero     0x2000'178c     0x4  main.o [1]
  .bss                  zero     0x2000'1790     0x4  system_tm4c1294.o [1]
  .bss                  zero     0x2000'1794     0x4  xfail_s.o [3]
  .bss                  zero     0x2000'1798     0x1  os_systick.o [2]
                               - 0x2000'1799  0x16f5

"P2", part 3 of 3:                            0x8270
  VTABLE                uninit   0x2000'1800   0x26c  interrupt.o [4]
  CSTACK                         0x2000'1a70  0x8000  <Block>
    CSTACK              uninit   0x2000'1a70  0x8000  <Block tail>
                               - 0x2000'9a70  0x8270

Unused ranges:

         From           To      Size
         ----           --      ----
       0x39d1     0xf'ffff  0xf'c62f
  0x2000'179c  0x2000'17ff      0x64
  0x2000'9a70  0x2003'ffff  0x3'6590


*******************************************************************************
*** INIT TABLE
***

          Address      Size
          -------      ----
Zero (__iar_zero_init3)
    1 destination range, total size 0x16f1:
          0x2000'00a8  0x16f1

Copy/packbits (__iar_packbits_init_single3)
    1 source range, total size 0xd (7% of destination):
               0x39c4     0xd
    1 destination range, total size 0xa4:
          0x2000'0000    0xa4



*******************************************************************************
*** MODULE SUMMARY
***

    Module                  ro code  ro data  rw data
    ------                  -------  -------  -------
command line/config:
    -------------------------------------------------
    Total:

D:\UTFPR\EMBARCADOS\sistemas_embarcados\lab3\Tiva_RTOS2_IAR8Last\tarefas\ewarm\Obj: [1]
    RTX_Config.o                 34
    elevatorfunctions.o         932       20
    main.o                      304                84
    rtx_lib.o                     2      204    5 780
    startup_tm4c1294.o          664
    system_tm4c1294.o            60                 4
    uart_device.o               516
    -------------------------------------------------
    Total:                    2 512      224    5 868

RTX_CM4F.a: [2]
    irq_cm4f.o                  196
    os_systick.o                126                 1
    rtx_evr.o                   112
    rtx_kernel.o                708       13      164
    rtx_memory.o                274
    rtx_mempool.o               230
    rtx_msgqueue.o            1 580
    rtx_mutex.o                  76
    rtx_system.o                372
    rtx_thread.o              2 464
    rtx_timer.o                 640
    -------------------------------------------------
    Total:                    6 778       13      165

dl7M_tln.a: [3]
    abort.o                       6
    exit.o                        4
    iar_Stolx.o                 130
    iar_Stoulx.o                330       80
    low_level_init.o              4
    sprintf.o                    64
    sscanf.o                     40
    xfail_s.o                    64                 4
    xprintftiny.o               318
    xscanflarge_nomb.o        1 712       36
    xsprout.o                    10
    xsscin.o                     30
    -------------------------------------------------
    Total:                    2 712      116        4

driverlib.a: [4]
    interrupt.o                 172               620
    sysctl.o                    612      588
    uart.o                      146      128
    -------------------------------------------------
    Total:                      930      716      620

m7M_tls.a: [5]
    fpinit_M.o                   34
    -------------------------------------------------
    Total:                       34

rt7M_tl.a: [6]
    ABImemclr.o                   6
    ABImemclr4.o                  6
    ABImemcpy.o                 166
    ABImemset.o                  94
    ABImemset48.o                50
    cexit.o                      10
    cmain.o                      30
    cstartup_M.o                 12
    data_init.o                  40
    memchr.o                     88
    packbits_init_single.o       56
    strchr.o                     22
    strlen.o                     54
    zero_init3.o                 58
    -------------------------------------------------
    Total:                      692

shb_l.a: [7]
    exit.o                       20
    -------------------------------------------------
    Total:                       20

    Gaps                         18        4        4
    Linker created                        32   32 768
-----------------------------------------------------
    Grand Total:             13 696    1 105   39 429


*******************************************************************************
*** ENTRY LIST
***

Entry                       Address    Size  Type      Object
-----                       -------    ----  ----      ------
.iar.init_table$$Base        0x3908           --   Gb  - Linker created -
.iar.init_table$$Limit       0x3928           --   Gb  - Linker created -
?main                        0x3929          Code  Gb  cmain.o [6]
CSTACK$$Base            0x2000'1a70           --   Gb  - Linker created -
CSTACK$$Limit           0x2000'9a70           --   Gb  - Linker created -
EvrRtxEventFlagsWaitTimeout
                              0xc11     0x2  Code  Wk  rtx_evr.o [2]
EvrRtxKernelError            0x2bf1     0x2  Code  Wk  rtx_evr.o [2]
EvrRtxKernelGetState         0x2c39     0x2  Code  Wk  rtx_evr.o [2]
EvrRtxKernelInitialize       0x2cb5     0x2  Code  Wk  rtx_evr.o [2]
EvrRtxKernelInitialized
                             0x2c37     0x2  Code  Wk  rtx_evr.o [2]
EvrRtxKernelStart            0x2cb7     0x2  Code  Wk  rtx_evr.o [2]
EvrRtxKernelStarted          0x2cb1     0x2  Code  Wk  rtx_evr.o [2]
EvrRtxMemoryAlloc            0x1035     0x2  Code  Wk  rtx_evr.o [2]
EvrRtxMemoryBlockAlloc       0x1031     0x2  Code  Wk  rtx_evr.o [2]
EvrRtxMemoryBlockFree        0x1033     0x2  Code  Wk  rtx_evr.o [2]
EvrRtxMemoryBlockInit        0x102f     0x2  Code  Wk  rtx_evr.o [2]
EvrRtxMemoryFree             0x1073     0x2  Code  Wk  rtx_evr.o [2]
EvrRtxMemoryInit             0x2cb9     0x2  Code  Wk  rtx_evr.o [2]
EvrRtxMemoryPoolAllocTimeout
                              0xc17     0x2  Code  Wk  rtx_evr.o [2]
EvrRtxMessageQueueCreated
                             0x20ab     0x2  Code  Wk  rtx_evr.o [2]
EvrRtxMessageQueueError
                             0x20a3     0x2  Code  Wk  rtx_evr.o [2]
EvrRtxMessageQueueGet        0x20bb     0x2  Code  Wk  rtx_evr.o [2]
EvrRtxMessageQueueGetPending
                             0x20b1     0x2  Code  Wk  rtx_evr.o [2]
EvrRtxMessageQueueGetTimeout
                              0xc19     0x2  Code  Wk  rtx_evr.o [2]
EvrRtxMessageQueueInsertPending
                             0x20b9     0x2  Code  Wk  rtx_evr.o [2]
EvrRtxMessageQueueInserted
                             0x209f     0x2  Code  Wk  rtx_evr.o [2]
EvrRtxMessageQueueNew        0x20b5     0x2  Code  Wk  rtx_evr.o [2]
EvrRtxMessageQueueNotInserted
                             0x20af     0x2  Code  Wk  rtx_evr.o [2]
EvrRtxMessageQueueNotRetrieved
                             0x20b3     0x2  Code  Wk  rtx_evr.o [2]
EvrRtxMessageQueuePut        0x20b7     0x2  Code  Wk  rtx_evr.o [2]
EvrRtxMessageQueuePutPending
                             0x20ad     0x2  Code  Wk  rtx_evr.o [2]
EvrRtxMessageQueuePutTimeout
                              0xc1b     0x2  Code  Wk  rtx_evr.o [2]
EvrRtxMessageQueueRetrieved
                             0x20a1     0x2  Code  Wk  rtx_evr.o [2]
EvrRtxMutexAcquireTimeout
                              0xc13     0x2  Code  Wk  rtx_evr.o [2]
EvrRtxMutexAcquired          0x1077     0x2  Code  Wk  rtx_evr.o [2]
EvrRtxMutexReleased          0x1075     0x2  Code  Wk  rtx_evr.o [2]
EvrRtxSemaphoreAcquireTimeout
                              0xc15     0x2  Code  Wk  rtx_evr.o [2]
EvrRtxThreadBlocked           0xc23     0x2  Code  Wk  rtx_evr.o [2]
EvrRtxThreadCreated           0xdef     0x2  Code  Wk  rtx_evr.o [2]
EvrRtxThreadDelayCompleted
                              0xc0d     0x2  Code  Wk  rtx_evr.o [2]
EvrRtxThreadDestroyed         0xe8b     0x2  Code  Wk  rtx_evr.o [2]
EvrRtxThreadError             0xd47     0x2  Code  Wk  rtx_evr.o [2]
EvrRtxThreadExit              0xe95     0x2  Code  Wk  rtx_evr.o [2]
EvrRtxThreadFlagsSet          0xe97     0x2  Code  Wk  rtx_evr.o [2]
EvrRtxThreadFlagsSetDone
                              0xe8d     0x2  Code  Wk  rtx_evr.o [2]
EvrRtxThreadFlagsWait        0x100d     0x2  Code  Wk  rtx_evr.o [2]
EvrRtxThreadFlagsWaitCompleted
                              0xc25     0x2  Code  Wk  rtx_evr.o [2]
EvrRtxThreadFlagsWaitNotCompleted
                              0xe91     0x2  Code  Wk  rtx_evr.o [2]
EvrRtxThreadFlagsWaitPending
                              0xe8f     0x2  Code  Wk  rtx_evr.o [2]
EvrRtxThreadFlagsWaitTimeout
                              0xc0f     0x2  Code  Wk  rtx_evr.o [2]
EvrRtxThreadJoined            0xe89     0x2  Code  Wk  rtx_evr.o [2]
EvrRtxThreadNew               0xe93     0x2  Code  Wk  rtx_evr.o [2]
EvrRtxThreadPreempted         0xc1f     0x2  Code  Wk  rtx_evr.o [2]
EvrRtxThreadSwitched          0xc21     0x2  Code  Wk  rtx_evr.o [2]
EvrRtxThreadUnblocked         0xc1d     0x2  Code  Wk  rtx_evr.o [2]
EvrRtxTimerCallback          0x28f1     0x2  Code  Wk  rtx_evr.o [2]
EvrRtxTimerCreated           0x28e7     0x2  Code  Wk  rtx_evr.o [2]
EvrRtxTimerError             0x28e9     0x2  Code  Wk  rtx_evr.o [2]
EvrRtxTimerNew               0x28ed     0x2  Code  Wk  rtx_evr.o [2]
EvrRtxTimerStart             0x28ef     0x2  Code  Wk  rtx_evr.o [2]
EvrRtxTimerStarted           0x28eb     0x2  Code  Wk  rtx_evr.o [2]
IntEnable                    0x31e1    0x46  Code  Gb  interrupt.o [4]
IntRegister                  0x31b9    0x28  Code  Gb  interrupt.o [4]
MessageQueueGet              0x1a19    0x40  Code  Lc  rtx_msgqueue.o [2]
MessageQueuePut              0x19cd    0x4a  Code  Lc  rtx_msgqueue.o [2]
MessageQueueRemove           0x1a59    0x1a  Code  Lc  rtx_msgqueue.o [2]
OS_Tick_AcknowledgeIRQ       0x1079     0xc  Code  Wk  os_systick.o [2]
OS_Tick_Enable               0x2c85    0x2c  Code  Wk  os_systick.o [2]
OS_Tick_GetIRQn              0x2c7d     0x6  Code  Wk  os_systick.o [2]
OS_Tick_Setup                0x2c3d    0x40  Code  Wk  os_systick.o [2]
PendST                  0x2000'1798     0x1  Data  Lc  os_systick.o [2]
PendSV_Handler               0x3619          Code  Gb  irq_cm4f.o [2]
Region$$Table$$Base          0x3908           --   Gb  - Linker created -
Region$$Table$$Limit         0x3928           --   Gb  - Linker created -
SVC_Handler                  0x3581          Code  Gb  irq_cm4f.o [2]
SysCtlClockFreqSet           0x2cdd   0x20a  Code  Gb  sysctl.o [4]
SysTick_Handler              0x3629          Code  Gb  irq_cm4f.o [2]
SystemCoreClock         0x2000'1790     0x4  Data  Gb  system_tm4c1294.o [1]
SystemInit                   0x3545    0x20  Code  Gb  system_tm4c1294.o [1]
ThreadFlagsCheck              0x26d    0x6c  Code  Lc  rtx_thread.o [2]
TimerInsert                  0x2501    0x38  Code  Lc  rtx_timer.o [2]
TimerRemove                  0x2539    0x22  Code  Lc  rtx_timer.o [2]
UARTCharGet                  0x3173     0xe  Code  Gb  uart.o [4]
UARTCharPut                  0x3181    0x10  Code  Gb  uart.o [4]
UARTFIFOLevelSet             0x3155     0x8  Code  Gb  uart.o [4]
UARTIntClear                 0x31b1     0x6  Code  Gb  uart.o [4]
UARTIntEnable                0x31ab     0x6  Code  Gb  uart.o [4]
UARTIntRegister              0x3191    0x1a  Code  Gb  uart.o [4]
UARTRxHandler                0x2fd5    0x16  Code  Gb  uart_device.o [1]
UARTTxThread            0x2000'1788     0x4  Data  Gb  main.o [1]
_GetN                        0x1085    0x22  Code  Lc  xscanflarge_nomb.o [3]
_GetintLargeNoMb             0x14e9   0x1f4  Code  Lc  xscanflarge_nomb.o [3]
_GetstrLargeNoMb             0x1335   0x1a8  Code  Lc  xscanflarge_nomb.o [3]
_PrintfTiny                  0x27c1   0x126  Code  Gb  xprintftiny.o [3]
_SProut                      0x1037     0xa  Code  Gb  xsprout.o [3]
_SScin                        0xdcb    0x1e  Code  Gb  xsscin.o [3]
_ScanfLargeNoMb              0x10c1   0x22a  Code  Gb  xscanflarge_nomb.o [3]
_SysCtlMemTimingGet          0x2cbd    0x20  Code  Lc  sysctl.o [4]
_UARTIntNumberGet            0x3125    0x30  Code  Lc  uart.o [4]
_UngetN                      0x10a7    0x1a  Code  Lc  xscanflarge_nomb.o [3]
__Vectors                       0x0           --   Gb  startup_tm4c1294.o [1]
__Vectors_End                 0x26c          Data  Gb  startup_tm4c1294.o [1]
__Vectors_Size {Abs}          0x26c           --   Gb  startup_tm4c1294.o [1]
__aeabi_memclr               0x20a5          Code  Gb  ABImemclr.o [6]
__aeabi_memclr4               0xde9          Code  Gb  ABImemclr4.o [6]
__aeabi_memcpy               0x1ff9          Code  Gb  ABImemcpy.o [6]
__aeabi_memcpy4              0x2019          Code  Gb  ABImemcpy.o [6]
__aeabi_memcpy8              0x2019          Code  Gb  ABImemcpy.o [6]
__cmain                      0x3929          Code  Gb  cmain.o [6]
__exit                       0x19b9    0x14  Code  Gb  exit.o [7]
__iar_Fail_s                 0x17a5    0x1c  Code  Gb  xfail_s.o [3]
__iar_Memchr                 0x174d          Code  Gb  memchr.o [6]
__iar_Memset4_word           0x1041          Code  Gb  ABImemset48.o [6]
__iar_Memset8_word           0x1041          Code  Gb  ABImemset48.o [6]
__iar_Memset_word            0x20bd          Code  Gb  ABImemset.o [6]
__iar_Stolx                  0x17e5    0x7e  Code  Gb  iar_Stolx.o [3]
__iar_Stoulx                 0x1869   0x13e  Code  Gb  iar_Stoulx.o [3]
__iar_Strchr                 0x1735          Code  Gb  strchr.o [6]
__iar_data_init3             0x3851    0x28  Code  Gb  data_init.o [6]
__iar_init_vfp               0x38e5          Code  Gb  fpinit_M.o [5]
__iar_packbits_init_single3
                             0x37e9    0x38  Code  Gb  packbits_init_single.o [6]
__iar_program_start          0x3991          Code  Gb  cstartup_M.o [6]
__iar_zero_init3              0xc27    0x3a  Code  Gb  zero_init3.o [6]
__low_level_init             0x3947     0x4  Code  Gb  low_level_init.o [3]
__vector_table                  0x0          Data  Gb  startup_tm4c1294.o [1]
__vector_table_0x1c            0x1c          Data  Gb  startup_tm4c1294.o [1]
_call_main                   0x3935          Code  Gb  cmain.o [6]
_exit                        0x3951          Code  Gb  cexit.o [6]
_main                        0x3943          Code  Gb  cmain.o [6]
abort                        0x19b3     0x6  Code  Gb  abort.o [3]
digits                       0x37c0    0x28  Data  Lc  iar_Stoulx.o [3]
elevatorController           0x211d   0x184  Code  Gb  elevatorfunctions.o [1]
elevatorControllerThreads
                        0x2000'176c     0xc  Data  Gb  main.o [1]
elevatorMananger             0x22ad   0x1ee  Code  Gb  elevatorfunctions.o [1]
elevatorManangerThreads
                        0x2000'1778     0xc  Data  Gb  main.o [1]
elevators               0x2000'173c    0x30  Data  Gb  main.o [1]
exit                         0x394b     0x4  Code  Gb  exit.o [3]
g_pfnRAMVectors         0x2000'1800   0x26c  Data  Lc  interrupt.o [4]
g_pppui32XTALtoVCO           0x3264   0x1b0  Data  Lc  sysctl.o [4]
g_ppui32UARTIntMap           0x3644    0x40  Data  Lc  uart.o [4]
g_ppui32UARTIntMapSnowflake
                             0x3684    0x40  Data  Lc  uart.o [4]
g_pui32EnRegs                0x3250    0x14  Data  Lc  interrupt.o [4]
g_pui32VCOFrequencies        0x2f18     0x8  Data  Lc  sysctl.o [4]
g_pui32Xtals                 0x36c4    0x6c  Data  Lc  sysctl.o [4]
g_sXTALtoMEMTIM              0x3820    0x30  Data  Lc  sysctl.o [4]
initUART                     0x2f21    0xb2  Code  Gb  uart_device.o [1]
main                         0x3415   0x130  Code  Gb  main.o [1]
memchr                       0x174d          Code  Gb  memchr.o [6]
msgTxUARTQueue          0x2000'178c     0x4  Data  Gb  main.o [1]
ndigs                        0x3798    0x28  Data  Lc  iar_Stoulx.o [3]
newMessage                   0x3025    0xb4  Code  Gb  uart_device.o [1]
newMessageThread        0x2000'1784     0x4  Data  Gb  main.o [1]
osKernelGetState             0x2b55    0x40  Code  Gb  rtx_kernel.o [2]
osKernelInitialize           0x2b1d    0x38  Code  Gb  rtx_kernel.o [2]
osKernelStart                0x2b95    0x34  Code  Gb  rtx_kernel.o [2]
osMessageQueueGet            0x1f55    0x90  Code  Gb  rtx_msgqueue.o [2]
osMessageQueueNew            0x1e7d    0x3e  Code  Gb  rtx_msgqueue.o [2]
osMessageQueuePut            0x1ebd    0x98  Code  Gb  rtx_msgqueue.o [2]
osRtxConfig                  0x3730    0x68  Data  Gb  rtx_lib.o [1]
osRtxErrorNotify             0x100f    0x20  Code  Wk  RTX_Config.o [1]
osRtxIdleThread              0x174b     0x2  Code  Wk  RTX_Config.o [1]
osRtxInfo               0x2000'0000    0xa4  Data  Gb  rtx_kernel.o [2]
osRtxKernelPreInit           0x2cb3     0x2  Code  Gb  rtx_lib.o [1]
osRtxMemoryAlloc              0xd49    0x82  Code  Wk  rtx_memory.o [2]
osRtxMemoryFree               0xdf1    0x4c  Code  Wk  rtx_memory.o [2]
osRtxMemoryInit              0x2bf3    0x44  Code  Wk  rtx_memory.o [2]
osRtxMemoryPoolAlloc          0xcad    0x44  Code  Gb  rtx_mempool.o [2]
osRtxMemoryPoolFree           0xcf1    0x56  Code  Gb  rtx_mempool.o [2]
osRtxMemoryPoolInit           0xc61    0x4a  Code  Gb  rtx_mempool.o [2]
osRtxMessageQueuePostProcess
                             0x1a73    0xee  Code  Lc  rtx_msgqueue.o [2]
osRtxMutexOwnerRelease        0xe3d    0x4c  Code  Gb  rtx_mutex.o [2]
osRtxPendSV_Handler           0xf09    0x8a  Code  Gb  rtx_system.o [2]
osRtxPostProcess              0xf95    0x6e  Code  Gb  rtx_system.o [2]
osRtxThreadBlock              0x50d    0x34  Code  Lc  rtx_thread.o [2]
osRtxThreadDelayInsert        0x331    0x66  Code  Lc  rtx_thread.o [2]
osRtxThreadDelayRemove        0x397    0x60  Code  Lc  rtx_thread.o [2]
osRtxThreadDelayTick          0x3f7   0x102  Code  Gb  rtx_thread.o [2]
osRtxThreadDispatch           0x55d    0x5c  Code  Gb  rtx_thread.o [2]
osRtxThreadFree               0x84d    0x56  Code  Lc  rtx_thread.o [2]
osRtxThreadListGet            0x2fd    0x16  Code  Gb  rtx_thread.o [2]
osRtxThreadListPut            0x2d9    0x24  Code  Gb  rtx_thread.o [2]
osRtxThreadListRemove         0x313    0x16  Code  Gb  rtx_thread.o [2]
osRtxThreadPostProcess        0x62f    0x50  Code  Lc  rtx_thread.o [2]
osRtxThreadReadyPut           0x329     0x8  Code  Gb  rtx_thread.o [2]
osRtxThreadRegPtr             0x4f9    0x14  Code  Gb  rtx_thread.o [2]
osRtxThreadStartup            0xa61    0x3e  Code  Gb  rtx_thread.o [2]
osRtxThreadSwitch             0x541    0x1c  Code  Gb  rtx_thread.o [2]
osRtxThreadWaitEnter          0x5f3    0x3c  Code  Gb  rtx_thread.o [2]
osRtxThreadWaitExit           0x5bf    0x2e  Code  Gb  rtx_thread.o [2]
osRtxTick_Handler             0xe99    0x6e  Code  Gb  rtx_system.o [2]
osRtxTimerThread             0x2735    0x4c  Code  Wk  rtx_timer.o [2]
osRtxTimerTick               0x255b    0x54  Code  Lc  rtx_timer.o [2]
osRtxUserSVC                 0x39a4     0x4  Data  Wk  rtx_lib.o [1]
osThreadExit                  0xae5    0x16  Code  Gb  rtx_thread.o [2]
osThreadFlagsSet              0xb09    0x7a  Code  Gb  rtx_thread.o [2]
osThreadFlagsWait             0xb89    0x42  Code  Gb  rtx_thread.o [2]
osThreadNew                   0xaa1    0x40  Code  Gb  rtx_thread.o [2]
osTimerNew                   0x26a1    0x42  Code  Gb  rtx_timer.o [2]
osTimerStart                 0x26e5    0x3e  Code  Gb  rtx_timer.o [2]
os_idle_thread_attr          0x3878    0x24  Data  Lc  rtx_lib.o [1]
os_idle_thread_cb       0x2000'1640    0x44  Data  Lc  rtx_lib.o [1]
os_idle_thread_stack    0x2000'15f8    0x48  Data  Lc  rtx_lib.o [1]
os_isr_queue            0x2000'16c8    0x40  Data  Lc  rtx_lib.o [1]
os_mem                  0x2000'00a8  0x1400  Data  Lc  rtx_lib.o [1]
os_timer_mq_attr             0x395c    0x18  Data  Lc  rtx_lib.o [1]
os_timer_mq_cb          0x2000'1708    0x34  Data  Lc  rtx_lib.o [1]
os_timer_mq_data        0x2000'15a8    0x50  Data  Lc  rtx_lib.o [1]
os_timer_thread_attr         0x389c    0x24  Data  Lc  rtx_lib.o [1]
os_timer_thread_cb      0x2000'1684    0x44  Data  Lc  rtx_lib.o [1]
os_timer_thread_stack   0x2000'14a8   0x100  Data  Lc  rtx_lib.o [1]
out                          0x27a9    0x18  Code  Lc  xprintftiny.o [3]
ranmatch                     0x12f1    0x44  Code  Lc  xscanflarge_nomb.o [3]
sec_hand                0x2000'1794     0x4  Data  Lc  xfail_s.o [3]
sprintf                      0x24c1    0x40  Code  Gb  sprintf.o [3]
sscanf                       0x2781    0x28  Code  Gb  sscanf.o [3]
strchr                       0x1735          Code  Gb  strchr.o [6]
strlen                       0x28f5          Code  Gb  strlen.o [6]
strtol                       0x1863     0x4  Code  Gb  iar_Stolx.o [3]
strtoul                      0x19ad     0x2  Code  Gb  iar_Stoulx.o [3]
svcRtxKernelGetState         0x2a73    0x12  Code  Lc  rtx_kernel.o [2]
svcRtxKernelInitialize       0x292d   0x146  Code  Lc  rtx_kernel.o [2]
svcRtxKernelStart            0x2a85    0x98  Code  Lc  rtx_kernel.o [2]
svcRtxMessageQueueGet        0x1d65    0xee  Code  Lc  rtx_msgqueue.o [2]
svcRtxMessageQueueNew        0x1b61   0x130  Code  Lc  rtx_msgqueue.o [2]
svcRtxMessageQueuePut        0x1c91    0xd4  Code  Lc  rtx_msgqueue.o [2]
svcRtxThreadExit              0x8a3    0x96  Code  Lc  rtx_thread.o [2]
svcRtxThreadFlagsSet          0x939    0x94  Code  Lc  rtx_thread.o [2]
svcRtxThreadFlagsWait         0x9d9    0x88  Code  Lc  rtx_thread.o [2]
svcRtxThreadNew               0x67f   0x1c8  Code  Lc  rtx_thread.o [2]
svcRtxTimerNew               0x25af    0x9e  Code  Lc  rtx_timer.o [2]
svcRtxTimerStart             0x264d    0x4c  Code  Lc  rtx_timer.o [2]
timerElevatorWaitStateCallback
                             0x24b5     0xc  Code  Gb  elevatorfunctions.o [1]
uartTx                       0x2feb    0x3a  Code  Gb  uart_device.o [1]


[1] = D:\UTFPR\EMBARCADOS\sistemas_embarcados\lab3\Tiva_RTOS2_IAR8Last\tarefas\ewarm\Obj
[2] = RTX_CM4F.a
[3] = dl7M_tln.a
[4] = driverlib.a
[5] = m7M_tls.a
[6] = rt7M_tl.a
[7] = shb_l.a

  13 696 bytes of readonly  code memory
   1 105 bytes of readonly  data memory
  39 429 bytes of readwrite data memory

Errors: none
Warnings: none
